Archive member included to satisfy reference by file (symbol)

/usr/lib/gcc/x86_64-pc-cygwin/11/libstdc++.dll.a(cygstdc___6_dll_d006678.o)
                              ObjectHolder.o (__gxx_personality_seh0)
/usr/lib/gcc/x86_64-pc-cygwin/11/libstdc++.dll.a(cygstdc___6_dll_d006656.o)
                              ObjectHolder.o (__cxa_rethrow)
/usr/lib/gcc/x86_64-pc-cygwin/11/libstdc++.dll.a(cygstdc___6_dll_d006645.o)
                              ObjectHolder.o (__cxa_end_catch)
/usr/lib/gcc/x86_64-pc-cygwin/11/libstdc++.dll.a(cygstdc___6_dll_d006639.o)
                              ObjectHolder.o (__cxa_begin_catch)
/usr/lib/gcc/x86_64-pc-cygwin/11/libstdc++.dll.a(cygstdc___6_dll_d006629.o)
                              ObjectHolder.o (operator new(unsigned long))
/usr/lib/gcc/x86_64-pc-cygwin/11/libstdc++.dll.a(cygstdc___6_dll_d006619.o)
                              ObjectHolder.o (operator delete(void*))
/usr/lib/gcc/x86_64-pc-cygwin/11/libstdc++.dll.a(cygstdc___6_dll_d006318.o)
                              ObjectHolder.o (vtable for __cxxabiv1::__si_class_type_info)
/usr/lib/gcc/x86_64-pc-cygwin/11/libstdc++.dll.a(cygstdc___6_dll_d006313.o)
                              ObjectHolder.o (vtable for __cxxabiv1::__class_type_info)
/usr/lib/gcc/x86_64-pc-cygwin/11/libstdc++.dll.a(cygstdc___6_dll_d005579.o)
                              ObjectHolder.o (std::basic_ostream<char, std::char_traits<char> >& std::operator<< <char, std::char_traits<char>, std::allocator<char> >(std::basic_ostream<char, std::char_traits<char> >&, std::basic_string<char, std::char_traits<char>, std::allocator<char> > const&))
/usr/lib/gcc/x86_64-pc-cygwin/11/libstdc++.dll.a(cygstdc___6_dll_d005567.o)
                              ObjectHolder.o (std::basic_ostream<char, std::char_traits<char> >& std::operator<< <std::char_traits<char> >(std::basic_ostream<char, std::char_traits<char> >&, char const*))
/usr/lib/gcc/x86_64-pc-cygwin/11/libstdc++.dll.a(cygstdc___6_dll_d005446.o)
                              ObjectHolder.o (std::basic_ostream<char, std::char_traits<char> >& std::endl<char, std::char_traits<char> >(std::basic_ostream<char, std::char_traits<char> >&))
/usr/lib/gcc/x86_64-pc-cygwin/11/libstdc++.dll.a(cygstdc___6_dll_d005445.o)
                              ObjectHolder.o (std::cout)
/usr/lib/gcc/x86_64-pc-cygwin/11/libstdc++.dll.a(cygstdc___6_dll_d005438.o)
                              ObjectHolder.o (std::__throw_bad_array_new_length())
/usr/lib/gcc/x86_64-pc-cygwin/11/libstdc++.dll.a(cygstdc___6_dll_d005417.o)
                              ObjectHolder.o (std::__throw_length_error(char const*))
/usr/lib/gcc/x86_64-pc-cygwin/11/libstdc++.dll.a(cygstdc___6_dll_d005394.o)
                              ObjectHolder.o (std::__throw_bad_alloc())
/usr/lib/gcc/x86_64-pc-cygwin/11/libstdc++.dll.a(cygstdc___6_dll_d005143.o)
                              ObjectHolder.o (std::ios_base::Init::~Init())
/usr/lib/gcc/x86_64-pc-cygwin/11/libstdc++.dll.a(cygstdc___6_dll_d005141.o)
                              ObjectHolder.o (std::ios_base::Init::Init())
/usr/lib/gcc/x86_64-pc-cygwin/11/libstdc++.dll.a(cygstdc___6_dll_d002043.o)
                              ObjectHolder.o (std::string::operator=(std::string const&))
/usr/lib/gcc/x86_64-pc-cygwin/11/libstdc++.dll.a(cygstdc___6_dll_d002039.o)
                              ObjectHolder.o (std::basic_string<char, std::char_traits<char>, std::allocator<char> >::~basic_string())
/usr/lib/gcc/x86_64-pc-cygwin/11/libstdc++.dll.a(cygstdc___6_dll_d002017.o)
                              ObjectHolder.o (std::basic_string<char, std::char_traits<char>, std::allocator<char> >::basic_string())
/usr/lib/gcc/x86_64-pc-cygwin/11/libstdc++.dll.a(cygstdc___6_dll_d002010.o)
                              ObjectHolder.o (std::basic_string<char, std::char_traits<char>, std::allocator<char> >::basic_string(std::string const&))
/usr/lib/gcc/x86_64-pc-cygwin/11/libstdc++.dll.a(cygstdc___6_dll_d001892.o)
                              ObjectHolder.o (std::ostream::operator<<(std::ostream& (*)(std::ostream&)))
/usr/lib/gcc/x86_64-pc-cygwin/11/libstdc++.dll.a(cygstdc___6_dll_d000000.o)
                              /usr/lib/gcc/x86_64-pc-cygwin/11/libstdc++.dll.a(cygstdc___6_dll_d006678.o) (_head_cygstdc___6_dll)
/usr/lib/gcc/x86_64-pc-cygwin/11/libstdc++.dll.a(cygstdc___6_dll_d006682.o)
                              /usr/lib/gcc/x86_64-pc-cygwin/11/libstdc++.dll.a(cygstdc___6_dll_d000000.o) (cygstdc___6_dll_iname)
/usr/lib/gcc/x86_64-pc-cygwin/11/libgcc_s.dll.a(cyggcc_s_seh_1_dll_d000015.o)
                              ObjectHolder.o (_Unwind_Resume)
/usr/lib/gcc/x86_64-pc-cygwin/11/libgcc_s.dll.a(cyggcc_s_seh_1_dll_d000000.o)
                              /usr/lib/gcc/x86_64-pc-cygwin/11/libgcc_s.dll.a(cyggcc_s_seh_1_dll_d000015.o) (_head_cyggcc_s_seh_1_dll)
/usr/lib/gcc/x86_64-pc-cygwin/11/libgcc_s.dll.a(cyggcc_s_seh_1_dll_d000123.o)
[...]
Memory Configuration

Name             Origin             Length             Attributes
*default*        0x0000000000000000 0xffffffffffffffff

Linker script and memory map

                0x00000005bf910000                __image_base__ = 0x5bf910000
                0x0000000000000000                __dll__ = 0x0
                0x00000005bf910000                __ImageBase = 0x5bf910000
                0x0000000000001000                __section_alignment__ = 0x1000
                0x0000000000000200                __file_alignment__ = 0x200
                0x0000000000000004                __major_os_version__ = 0x4
                0x0000000000000000                __minor_os_version__ = 0x0
                0x0000000000000000                __major_image_version__ = 0x0
                0x0000000000000000                __minor_image_version__ = 0x0
                0x0000000000000005                __major_subsystem_version__ = 0x5
                0x0000000000000002                __minor_subsystem_version__ = 0x2
                0x0000000000000003                __subsystem__ = 0x3
                0x0000000000200000                __size_of_stack_reserve__ = 0x200000
                0x0000000000001000                __size_of_stack_commit__ = 0x1000
                0x0000000000100000                __size_of_heap_reserve__ = 0x100000
                0x0000000000001000                __size_of_heap_commit__ = 0x1000
                0x0000000000000000                __loader_flags__ = 0x0
                0x0000000000000000                __dll_characteristics__ = 0x0
LOAD /usr/lib/gcc/x86_64-pc-cygwin/11/crtbeginS.o
LOAD ObjectHolder.o
LOAD Object.o
LOAD /usr/lib/gcc/x86_64-pc-cygwin/11/libstdc++.dll.a
LOAD /usr/lib/gcc/x86_64-pc-cygwin/11/libgcc_s.dll.a
LOAD /usr/lib/gcc/x86_64-pc-cygwin/11/libgcc.a
LOAD /usr/lib/gcc/x86_64-pc-cygwin/11/../../../../lib/libcygwin.a
LOAD /usr/lib/w32api/libadvapi32.a
LOAD /usr/lib/w32api/libshell32.a
LOAD /usr/lib/w32api/libuser32.a
LOAD /usr/lib/w32api/libkernel32.a
LOAD /usr/lib/gcc/x86_64-pc-cygwin/11/libgcc_s.dll.a
LOAD /usr/lib/gcc/x86_64-pc-cygwin/11/libgcc.a
LOAD /usr/lib/gcc/x86_64-pc-cygwin/11/crtend.o
                0x0000000000000458                . = SIZEOF_HEADERS
                0x0000000000001000                . = ALIGN (__section_alignment__)

.text           0x00000005bf911000     0x3400
 *(SORT_NONE(.init))
 *(.text)
 .text          0x00000005bf911000       0x30 /usr/lib/gcc/x86_64-pc-cygwin/11/crtbeginS.o
                0x00000005bf911000                __gcc_register_frame
                0x00000005bf911020                __gcc_deregister_frame
 .text          0x00000005bf911030      0x590 ObjectHolder.o
                0x00000005bf91103c                ObjectHolder::ObjectHolder()
                0x00000005bf91103c                ObjectHolder::ObjectHolder()
                0x00000005bf911156                ObjectHolder::~ObjectHolder()
                0x00000005bf911156                ObjectHolder::~ObjectHolder()
                0x00000005bf9111f0                ObjectHolder::~ObjectHolder()
                0x00000005bf911216                ObjectHolder::setObjectName(std::string)
                0x00000005bf911242                ObjectHolder::getObjectName()
                0x00000005bf911270                ObjectHolder::setParent(Object*)
                0x00000005bf9112b8                ObjectHolder::getParent()
                0x00000005bf9112ee                ObjectHolder::addChild(std::shared_ptr<Object>)
                0x00000005bf91131a                ObjectHolder::getChildren()
                0x00000005bf911358                ObjectHolder::printChildren() const
                0x00000005bf91138a                ObjectHolder::printObject() const
                0x00000005bf9113bc                ObjectHolder::print() const
                0x00000005bf9113ea                ObjectHolder::print(std::ostream&) const
                0x00000005bf91144c                ObjectHolder::printChildren(std::ostream&) const
                0x00000005bf91150c                ObjectHolder::printObject(std::ostream&) const
 .text          0x00000005bf9115c0      0x4a0 Object.o
                0x00000005bf9115cc                Object::Object()
                0x00000005bf9115cc                Object::Object()
                0x00000005bf911646                Object::~Object()
                0x00000005bf911646                Object::~Object()
                0x00000005bf9116a8                Object::~Object()
                0x00000005bf9116ce                Object::setObjectName(std::string)
                0x00000005bf9116fa                Object::getObjectName()
                0x00000005bf911728                Object::setParent(Object*)
                0x00000005bf911744                Object::getParent()
                0x00000005bf911772                Object::addChild(std::shared_ptr<Object>)
                0x00000005bf91179e                Object::getChildren()
                0x00000005bf9117cc                Object::printChildren()
                0x00000005bf9117fe                Object::printObject()
                0x00000005bf911830                Object::print()
                0x00000005bf91185e                Object::print(std::ostream&) const
                0x00000005bf9118c0                Object::printChildren(std::ostream&) const
                0x00000005bf911952                Object::printObject(std::ostream&) const
 .text          0x00000005bf911a60        0x8 /usr/lib/gcc/x86_64-pc-cygwin/11/libstdc++.dll.a(cygstdc___6_dll_d006678.o)
                0x00000005bf911a60                __gxx_personality_seh0
 .text          0x00000005bf911a68        0x8 /usr/lib/gcc/x86_64-pc-cygwin/11/libstdc++.dll.a(cygstdc___6_dll_d006656.o)
                0x00000005bf911a68                __cxa_rethrow
 .text          0x00000005bf911a70        0x8 /usr/lib/gcc/x86_64-pc-cygwin/11/libstdc++.dll.a(cygstdc___6_dll_d006645.o)
                0x00000005bf911a70                __cxa_end_catch
 .text          0x00000005bf911a78        0x8 /usr/lib/gcc/x86_64-pc-cygwin/11/libstdc++.dll.a(cygstdc___6_dll_d006639.o)
                0x00000005bf911a78                __cxa_begin_catch
 .text          0x00000005bf911a80        0x8 /usr/lib/gcc/x86_64-pc-cygwin/11/libstdc++.dll.a(cygstdc___6_dll_d006629.o)
                0x00000005bf911a80                operator new(unsigned long)
 .text          0x00000005bf911a88        0x8 /usr/lib/gcc/x86_64-pc-cygwin/11/libstdc++.dll.a(cygstdc___6_dll_d006619.o)
                0x00000005bf911a88                operator delete(void*)
 .text          0x00000005bf911a90        0x0 /usr/lib/gcc/x86_64-pc-cygwin/11/libstdc++.dll.a(cygstdc___6_dll_d006318.o)
 .text          0x00000005bf911a90        0x0 /usr/lib/gcc/x86_64-pc-cygwin/11/libstdc++.dll.a(cygstdc___6_dll_d006313.o)
 .text          0x00000005bf911a90        0x8 /usr/lib/gcc/x86_64-pc-cygwin/11/libstdc++.dll.a(cygstdc___6_dll_d005579.o)
                0x00000005bf911a90                std::basic_ostream<char, std::char_traits<char> >& std::operator<< <char, std::char_traits<char>, std::allocator<char> >(std::basic_ostream<char, std::char_traits<char> >&, std::basic_string<char, std::char_traits<char>, std::allocator<char> > const&)
 .text          0x00000005bf911a98        0x8 /usr/lib/gcc/x86_64-pc-cygwin/11/libstdc++.dll.a(cygstdc___6_dll_d005567.o)
                0x00000005bf911a98                std::basic_ostream<char, std::char_traits<char> >& std::operator<< <std::char_traits<char> >(std::basic_ostream<char, std::char_traits<char> >&, char const*)
 .text          0x00000005bf911aa0        0x8 /usr/lib/gcc/x86_64-pc-cygwin/11/libstdc++.dll.a(cygstdc___6_dll_d005446.o)
                0x00000005bf911aa0                std::basic_ostream<char, std::char_traits<char> >& std::endl<char, std::char_traits<char> >(std::basic_ostream<char, std::char_traits<char> >&)
 .text          0x00000005bf911aa8        0x0 /usr/lib/gcc/x86_64-pc-cygwin/11/libstdc++.dll.a(cygstdc___6_dll_d005445.o)
 .text          0x00000005bf911aa8        0x8 /usr/lib/gcc/x86_64-pc-cygwin/11/libstdc++.dll.a(cygstdc___6_dll_d005438.o)
                0x00000005bf911aa8                std::__throw_bad_array_new_length()
 .text          0x00000005bf911ab0        0x8 /usr/lib/gcc/x86_64-pc-cygwin/11/libstdc++.dll.a(cygstdc___6_dll_d005417.o)
                0x00000005bf911ab0                std::__throw_length_error(char const*)
 .text          0x00000005bf911ab8        0x8 /usr/lib/gcc/x86_64-pc-cygwin/11/libstdc++.dll.a(cygstdc___6_dll_d005394.o)
                0x00000005bf911ab8                std::__throw_bad_alloc()
 .text          0x00000005bf911ac0        0x8 /usr/lib/gcc/x86_64-pc-cygwin/11/libstdc++.dll.a(cygstdc___6_dll_d005143.o)
                0x00000005bf911ac0                std::ios_base::Init::~Init()
 .text          0x00000005bf911ac8        0x8 /usr/lib/gcc/x86_64-pc-cygwin/11/libstdc++.dll.a(cygstdc___6_dll_d005141.o)
                0x00000005bf911ac8                std::ios_base::Init::Init()
 .text          0x00000005bf911ad0        0x8 /usr/lib/gcc/x86_64-pc-cygwin/11/libstdc++.dll.a(cygstdc___6_dll_d002043.o)
                0x00000005bf911ad0                std::string::operator=(std::string const&)
 .text          0x00000005bf911ad8        0x8 /usr/lib/gcc/x86_64-pc-cygwin/11/libstdc++.dll.a(cygstdc___6_dll_d002039.o)
                0x00000005bf911ad8                std::basic_string<char, std::char_traits<char>, std::allocator<char> >::~basic_string()
 .text          0x00000005bf911ae0        0x8 /usr/lib/gcc/x86_64-pc-cygwin/11/libstdc++.dll.a(cygstdc___6_dll_d002017.o)
                0x00000005bf911ae0                std::basic_string<char, std::char_traits<char>, std::allocator<char> >::basic_string()
 .text          0x00000005bf911ae8        0x8 /usr/lib/gcc/x86_64-pc-cygwin/11/libstdc++.dll.a(cygstdc___6_dll_d002010.o)
                0x00000005bf911ae8                std::basic_string<char, std::char_traits<char>, std::allocator<char> >::basic_string(std::string const&)
 .text          0x00000005bf911af0        0x8 /usr/lib/gcc/x86_64-pc-cygwin/11/libstdc++.dll.a(cygstdc___6_dll_d001892.o)
                0x00000005bf911af0                std::ostream::operator<<(std::ostream& (*)(std::ostream&))
 .text          0x00000005bf911af8        0x8 /usr/lib/gcc/x86_64-pc-cygwin/11/libgcc_s.dll.a(cyggcc_s_seh_1_dll_d000015.o)
                0x00000005bf911af8                _Unwind_Resume
 .text          0x00000005bf911b00       0x10 /usr/lib/gcc/x86_64-pc-cygwin/11/../../../../lib/libcygwin.a(t-cygwin1_dll_d000017.o)
                0x00000005bf911b00                __cxa_atexit
 .text          0x00000005bf911b10       0x10 /usr/lib/gcc/x86_64-pc-cygwin/11/../../../../lib/libcygwin.a(t-cygwin1_dll_d000096.o)
                0x00000005bf911b10                __wrap__ZdlPv
 .text          0x00000005bf911b20       0x10 /usr/lib/gcc/x86_64-pc-cygwin/11/../../../../lib/libcygwin.a(t-cygwin1_dll_d000100.o)
                0x00000005bf911b20                __wrap__Znwm
 .text          0x00000005bf911b30       0xe0 /usr/lib/gcc/x86_64-pc-cygwin/11/../../../../lib/libcygwin.a(dll_entry.o)
                0x00000005bf911b50                _cygwin_dll_entry
 .text          0x00000005bf911c10       0x10 /usr/lib/gcc/x86_64-pc-cygwin/11/../../../../lib/libcygwin.a(dll_main.o)
                0x00000005bf911c10                DllMain
 .text          0x00000005bf911c20       0x10 /usr/lib/gcc/x86_64-pc-cygwin/11/../../../../lib/libcygwin.a(t-cygwin1_dll_d000381.o)
                0x00000005bf911c20                cygwin_detach_dll
 .text          0x00000005bf911c30       0x30 /usr/lib/gcc/x86_64-pc-cygwin/11/../../../../lib/libcygwin.a(cygwin_attach_dll.o)
                0x00000005bf911c30                cygwin_attach_dll
 .text          0x00000005bf911c60       0x10 /usr/lib/gcc/x86_64-pc-cygwin/11/../../../../lib/libcygwin.a(t-cygwin1_dll_d000411.o)
                0x00000005bf911c60                dll_dllcrt0
 .text          0x00000005bf911c70      0x3b0 /usr/lib/gcc/x86_64-pc-cygwin/11/../../../../lib/libcygwin.a(_cygwin_crt0_common.o)
                0x00000005bf911c70                _cygwin_crt0_common
 .text          0x00000005bf912020       0x10 /usr/lib/gcc/x86_64-pc-cygwin/11/../../../../lib/libcygwin.a(premain0.o)
                0x00000005bf912020                cygwin_premain0
 .text          0x00000005bf912030       0x10 /usr/lib/gcc/x86_64-pc-cygwin/11/../../../../lib/libcygwin.a(premain1.o)
                0x00000005bf912030                cygwin_premain1
 .text          0x00000005bf912040       0x10 /usr/lib/gcc/x86_64-pc-cygwin/11/../../../../lib/libcygwin.a(premain2.o)
                0x00000005bf912040                cygwin_premain2
 .text          0x00000005bf912050       0x10 /usr/lib/gcc/x86_64-pc-cygwin/11/../../../../lib/libcygwin.a(premain3.o)
                0x00000005bf912050                cygwin_premain3
 .text          0x00000005bf912060       0x10 /usr/lib/gcc/x86_64-pc-cygwin/11/../../../../lib/libcygwin.a(pseudo-reloc-dummy.o)
                0x00000005bf912060                _pei386_runtime_relocator
 .text          0x00000005bf912070        0x0 /usr/lib/gcc/x86_64-pc-cygwin/11/../../../../lib/libcygwin.a(cygwin1_dll_d000117.o)
 .text          0x00000005bf912070       0x10 /usr/lib/gcc/x86_64-pc-cygwin/11/../../../../lib/libcygwin.a(t-cygwin1_dll_d000260.o)
                0x00000005bf912070                calloc
 .text          0x00000005bf912080       0x10 /usr/lib/gcc/x86_64-pc-cygwin/11/../../../../lib/libcygwin.a(t-cygwin1_dll_d000383.o)
                0x00000005bf912080                cygwin_internal
 .text          0x00000005bf912090       0x10 /usr/lib/gcc/x86_64-pc-cygwin/11/../../../../lib/libcygwin.a(t-cygwin1_dll_d000587.o)
                0x00000005bf912090                free
 .text          0x00000005bf9120a0       0x10 /usr/lib/gcc/x86_64-pc-cygwin/11/../../../../lib/libcygwin.a(t-cygwin1_dll_d000917.o)
                0x00000005bf9120a0                malloc
 .text          0x00000005bf9120b0       0x10 /usr/lib/gcc/x86_64-pc-cygwin/11/../../../../lib/libcygwin.a(t-cygwin1_dll_d001029.o)
                0x00000005bf9120b0                posix_memalign
 .text          0x00000005bf9120c0       0x10 /usr/lib/gcc/x86_64-pc-cygwin/11/../../../../lib/libcygwin.a(t-cygwin1_dll_d001214.o)
                0x00000005bf9120c0                realloc
 .text          0x00000005bf9120d0        0x8 /usr/lib/w32api/libkernel32.a(libkernel32s00648.o)
                0x00000005bf9120d0                GetModuleHandleA
 *fill*         0x00000005bf9120d8        0x8 
 .text          0x00000005bf9120e0        0x0 /usr/lib/w32api/libkernel32.a(libkernel32h.o)
 .text          0x00000005bf9120e0        0x0 /usr/lib/w32api/libkernel32.a(libkernel32t.o)
 .text          0x00000005bf9120e0        0x0 /usr/lib/gcc/x86_64-pc-cygwin/11/libgcc.a(_ctors.o)
 .text          0x00000005bf9120e0        0x0 /usr/lib/gcc/x86_64-pc-cygwin/11/crtend.o
 *(SORT_BY_NAME(.text$*))
 .text$_ZN6ObjectC1ERKS_
                0x00000005bf9120e0      0x100 ObjectHolder.o
                0x00000005bf9120e0                Object::Object(Object const&)
 .text$_ZN9__gnu_cxx13new_allocatorISt10shared_ptrI6ObjectEE10deallocateEPS3_m
                0x00000005bf9121e0       0x30 ObjectHolder.o
                0x00000005bf9121e0                __gnu_cxx::new_allocator<std::shared_ptr<Object> >::deallocate(std::shared_ptr<Object>*, unsigned long)
 .text$_ZN9__gnu_cxx13new_allocatorISt10shared_ptrI6ObjectEE7destroyIS3_EEvPT_
                0x00000005bf912210       0x30 ObjectHolder.o
                0x00000005bf912210                void __gnu_cxx::new_allocator<std::shared_ptr<Object> >::destroy<std::shared_ptr<Object> >(std::shared_ptr<Object>*)
 .text$_ZN9__gnu_cxx13new_allocatorISt10shared_ptrI6ObjectEE8allocateEmPKv
                0x00000005bf912240       0x70 ObjectHolder.o
                0x00000005bf912240                __gnu_cxx::new_allocator<std::shared_ptr<Object> >::allocate(unsigned long, void const*)
 .text$_ZN9__gnu_cxx13new_allocatorISt10shared_ptrI6ObjectEE9constructIS3_JRKS3_EEEvPT_DpOT0_
                0x00000005bf9122b0       0x50 ObjectHolder.o
                0x00000005bf9122b0                void __gnu_cxx::new_allocator<std::shared_ptr<Object> >::construct<std::shared_ptr<Object>, std::shared_ptr<Object> const&>(std::shared_ptr<Object>*, std::shared_ptr<Object> const&)
 .text$_ZN9__gnu_cxx13new_allocatorISt10shared_ptrI6ObjectEE9constructIS3_JS3_EEEvPT_DpOT0_
                0x00000005bf912300       0x50 ObjectHolder.o
                0x00000005bf912300                void __gnu_cxx::new_allocator<std::shared_ptr<Object> >::construct<std::shared_ptr<Object>, std::shared_ptr<Object> >(std::shared_ptr<Object>*, std::shared_ptr<Object>&&)
 .text$_ZN9__gnu_cxx13new_allocatorISt10shared_ptrI6ObjectEEC2ERKS4_
                0x00000005bf912350       0x10 ObjectHolder.o
                0x00000005bf912350                __gnu_cxx::new_allocator<std::shared_ptr<Object> >::new_allocator(__gnu_cxx::new_allocator<std::shared_ptr<Object> > const&)
 .text$_ZN9__gnu_cxx13new_allocatorISt10shared_ptrI6ObjectEEC2Ev
                0x00000005bf912360       0x10 ObjectHolder.o
                0x00000005bf912360                __gnu_cxx::new_allocator<std::shared_ptr<Object> >::new_allocator()
 .text$_ZN9__gnu_cxx13new_allocatorISt10shared_ptrI6ObjectEED2Ev
                0x00000005bf912370       0x10 ObjectHolder.o
                0x00000005bf912370                __gnu_cxx::new_allocator<std::shared_ptr<Object> >::~new_allocator()
 .text$_ZN9__gnu_cxx14__alloc_traitsISaISt10shared_ptrI6ObjectEES3_E17_S_select_on_copyERKS4_
                0x00000005bf912380       0x30 ObjectHolder.o
                0x00000005bf912380                __gnu_cxx::__alloc_traits<std::allocator<std::shared_ptr<Object> >, std::shared_ptr<Object> >::_S_select_on_copy(std::allocator<std::shared_ptr<Object> > const&)
 .text$_ZN9__gnu_cxx17__normal_iteratorIPKSt10shared_ptrI6ObjectESt6vectorIS3_SaIS3_EEEC1ERKS5_
                0x00000005bf9123b0       0x20 ObjectHolder.o
                0x00000005bf9123b0                __gnu_cxx::__normal_iterator<std::shared_ptr<Object> const*, std::vector<std::shared_ptr<Object>, std::allocator<std::shared_ptr<Object> > > >::__normal_iterator(std::shared_ptr<Object> const* const&)
 .text$_ZN9__gnu_cxx17__normal_iteratorIPKSt10shared_ptrI6ObjectESt6vectorIS3_SaIS3_EEEppEv
                0x00000005bf9123d0       0x20 ObjectHolder.o
                0x00000005bf9123d0                __gnu_cxx::__normal_iterator<std::shared_ptr<Object> const*, std::vector<std::shared_ptr<Object>, std::allocator<std::shared_ptr<Object> > > >::operator++()
 .text$_ZN9__gnu_cxx17__normal_iteratorIPSt10shared_ptrI6ObjectESt6vectorIS3_SaIS3_EEEC1ERKS4_
                0x00000005bf9123f0       0x20 ObjectHolder.o
                0x00000005bf9123f0                __gnu_cxx::__normal_iterator<std::shared_ptr<Object>*, std::vector<std::shared_ptr<Object>, std::allocator<std::shared_ptr<Object> > > >::__normal_iterator(std::shared_ptr<Object>* const&)
 .text$_ZN9__gnu_cxxmiIPSt10shared_ptrI6ObjectESt6vectorIS3_SaIS3_EEEENS_17__normal_iteratorIT_T0_E15difference_typeERKSB_SE_
                0x00000005bf912410       0x40 ObjectHolder.o
                0x00000005bf912410                __gnu_cxx::__normal_iterator<std::shared_ptr<Object>*, std::vector<std::shared_ptr<Object>, std::allocator<std::shared_ptr<Object> > > >::difference_type __gnu_cxx::operator-<std::shared_ptr<Object>*, std::vector<std::shared_ptr<Object>, std::allocator<std::shared_ptr<Object> > > >(__gnu_cxx::__normal_iterator<std::shared_ptr<Object>*, std::vector<std::shared_ptr<Object>, std::allocator<std::shared_ptr<Object> > > > const&, __gnu_cxx::__normal_iterator<std::shared_ptr<Object>*, std::vector<std::shared_ptr<Object>, std::allocator<std::shared_ptr<Object> > > > const&)
 .text$_ZN9__gnu_cxxneIPKSt10shared_ptrI6ObjectESt6vectorIS3_SaIS3_EEEEbRKNS_17__normal_iteratorIT_T0_EESE_
                0x00000005bf912450       0x40 ObjectHolder.o
                0x00000005bf912450                bool __gnu_cxx::operator!=<std::shared_ptr<Object> const*, std::vector<std::shared_ptr<Object>, std::allocator<std::shared_ptr<Object> > > >(__gnu_cxx::__normal_iterator<std::shared_ptr<Object> const*, std::vector<std::shared_ptr<Object>, std::allocator<std::shared_ptr<Object> > > > const&, __gnu_cxx::__normal_iterator<std::shared_ptr<Object> const*, std::vector<std::shared_ptr<Object>, std::allocator<std::shared_ptr<Object> > > > const&)
 .text$_ZNK9__gnu_cxx13new_allocatorISt10shared_ptrI6ObjectEE11_M_max_sizeEv
                0x00000005bf912490       0x20 ObjectHolder.o
                0x00000005bf912490                __gnu_cxx::new_allocator<std::shared_ptr<Object> >::_M_max_size() const
 .text$_ZNK9__gnu_cxx13new_allocatorISt10shared_ptrI6ObjectEE8max_sizeEv
                0x00000005bf9124b0       0x20 ObjectHolder.o
                0x00000005bf9124b0                __gnu_cxx::new_allocator<std::shared_ptr<Object> >::max_size() const
 .text$_ZNK9__gnu_cxx17__normal_iteratorIPKSt10shared_ptrI6ObjectESt6vectorIS3_SaIS3_EEE4baseEv
                0x00000005bf9124d0       0x10 ObjectHolder.o
                0x00000005bf9124d0                __gnu_cxx::__normal_iterator<std::shared_ptr<Object> const*, std::vector<std::shared_ptr<Object>, std::allocator<std::shared_ptr<Object> > > >::base() const
 .text$_ZNK9__gnu_cxx17__normal_iteratorIPKSt10shared_ptrI6ObjectESt6vectorIS3_SaIS3_EEEdeEv
                0x00000005bf9124e0       0x20 ObjectHolder.o
                0x00000005bf9124e0                __gnu_cxx::__normal_iterator<std::shared_ptr<Object> const*, std::vector<std::shared_ptr<Object>, std::allocator<std::shared_ptr<Object> > > >::operator*() const
 .text$_ZNK9__gnu_cxx17__normal_iteratorIPSt10shared_ptrI6ObjectESt6vectorIS3_SaIS3_EEE4baseEv
                0x00000005bf912500       0x10 ObjectHolder.o
                0x00000005bf912500                __gnu_cxx::__normal_iterator<std::shared_ptr<Object>*, std::vector<std::shared_ptr<Object>, std::allocator<std::shared_ptr<Object> > > >::base() const
 .text$_ZNK9__gnu_cxx17__normal_iteratorIPSt10shared_ptrI6ObjectESt6vectorIS3_SaIS3_EEEdeEv
                0x00000005bf912510       0x20 ObjectHolder.o
                0x00000005bf912510                __gnu_cxx::__normal_iterator<std::shared_ptr<Object>*, std::vector<std::shared_ptr<Object>, std::allocator<std::shared_ptr<Object> > > >::operator*() const
 .text$_ZNK9__gnu_cxx17__normal_iteratorIPSt10shared_ptrI6ObjectESt6vectorIS3_SaIS3_EEEmiEl
                0x00000005bf912530       0x50 ObjectHolder.o
                0x00000005bf912530                __gnu_cxx::__normal_iterator<std::shared_ptr<Object>*, std::vector<std::shared_ptr<Object>, std::allocator<std::shared_ptr<Object> > > >::operator-(long) const
 .text$_ZNKSt12_Vector_baseISt10shared_ptrI6ObjectESaIS2_EE19_M_get_Tp_allocatorEv
                0x00000005bf912580       0x10 ObjectHolder.o
                0x00000005bf912580                std::_Vector_base<std::shared_ptr<Object>, std::allocator<std::shared_ptr<Object> > >::_M_get_Tp_allocator() const
 .text$_ZNKSt12__shared_ptrI6ObjectLN9__gnu_cxx12_Lock_policyE2EE3getEv
                0x00000005bf912590       0x20 ObjectHolder.o
                0x00000005bf912590                std::__shared_ptr<Object, (__gnu_cxx::_Lock_policy)2>::get() const
 .text$_ZNKSt12__shared_ptrI6ObjectLN9__gnu_cxx12_Lock_policyE2EEcvbEv
                0x00000005bf9125b0       0x20 Object.o
                0x00000005bf9125b0                std::__shared_ptr<Object, (__gnu_cxx::_Lock_policy)2>::operator bool() const
 .text$_ZNKSt13move_iteratorIPSt10shared_ptrI6ObjectEE4baseEv
                0x00000005bf9125d0       0x20 ObjectHolder.o
                0x00000005bf9125d0                std::move_iterator<std::shared_ptr<Object>*>::base() const
 .text$_ZNKSt13move_iteratorIPSt10shared_ptrI6ObjectEEdeEv
                0x00000005bf9125f0       0x20 ObjectHolder.o
                0x00000005bf9125f0                std::move_iterator<std::shared_ptr<Object>*>::operator*() const
 .text$_ZNKSt19__shared_ptr_accessI6ObjectLN9__gnu_cxx12_Lock_policyE2ELb0ELb0EE6_M_getEv
                0x00000005bf912610       0x20 ObjectHolder.o
                0x00000005bf912610                std::__shared_ptr_access<Object, (__gnu_cxx::_Lock_policy)2, false, false>::_M_get() const
 .text$_ZNKSt19__shared_ptr_accessI6ObjectLN9__gnu_cxx12_Lock_policyE2ELb0ELb0EEdeEv
                0x00000005bf912630       0x30 ObjectHolder.o
                0x00000005bf912630                std::__shared_ptr_access<Object, (__gnu_cxx::_Lock_policy)2, false, false>::operator*() const
 .text$_ZNKSt19__shared_ptr_accessI6ObjectLN9__gnu_cxx12_Lock_policyE2ELb0ELb0EEptEv
                0x00000005bf912660       0x20 ObjectHolder.o
                0x00000005bf912660                std::__shared_ptr_access<Object, (__gnu_cxx::_Lock_policy)2, false, false>::operator->() const
 .text$_ZNKSt6vectorISt10shared_ptrI6ObjectESaIS2_EE12_M_check_lenEmPKc
                0x00000005bf912680       0xc0 ObjectHolder.o
                0x00000005bf912680                std::vector<std::shared_ptr<Object>, std::allocator<std::shared_ptr<Object> > >::_M_check_len(unsigned long, char const*) const
 .text$_ZNKSt6vectorISt10shared_ptrI6ObjectESaIS2_EE3endEv
                0x00000005bf912740       0x30 ObjectHolder.o
                0x00000005bf912740                std::vector<std::shared_ptr<Object>, std::allocator<std::shared_ptr<Object> > >::end() const
 .text$_ZNKSt6vectorISt10shared_ptrI6ObjectESaIS2_EE4sizeEv
                0x00000005bf912770       0x30 ObjectHolder.o
                0x00000005bf912770                std::vector<std::shared_ptr<Object>, std::allocator<std::shared_ptr<Object> > >::size() const
 .text$_ZNKSt6vectorISt10shared_ptrI6ObjectESaIS2_EE5beginEv
                0x00000005bf9127a0       0x30 ObjectHolder.o
                0x00000005bf9127a0                std::vector<std::shared_ptr<Object>, std::allocator<std::shared_ptr<Object> > >::begin() const
 .text$_ZNKSt6vectorISt10shared_ptrI6ObjectESaIS2_EE8max_sizeEv
                0x00000005bf9127d0       0x30 ObjectHolder.o
                0x00000005bf9127d0                std::vector<std::shared_ptr<Object>, std::allocator<std::shared_ptr<Object> > >::max_size() const
 .text$_ZNSaISt10shared_ptrI6ObjectEEC1ERKS2_
                0x00000005bf912800       0x30 ObjectHolder.o
                0x00000005bf912800                std::allocator<std::shared_ptr<Object> >::allocator(std::allocator<std::shared_ptr<Object> > const&)
 .text$_ZNSaISt10shared_ptrI6ObjectEEC2ERKS2_
                0x00000005bf912830       0x30 ObjectHolder.o
                0x00000005bf912830                std::allocator<std::shared_ptr<Object> >::allocator(std::allocator<std::shared_ptr<Object> > const&)
 .text$_ZNSaISt10shared_ptrI6ObjectEEC2Ev
                0x00000005bf912860       0x20 ObjectHolder.o
                0x00000005bf912860                std::allocator<std::shared_ptr<Object> >::allocator()
 .text$_ZNSaISt10shared_ptrI6ObjectEED1Ev
                0x00000005bf912880       0x20 ObjectHolder.o
                0x00000005bf912880                std::allocator<std::shared_ptr<Object> >::~allocator()
 .text$_ZNSaISt10shared_ptrI6ObjectEED2Ev
                0x00000005bf9128a0       0x20 ObjectHolder.o
                0x00000005bf9128a0                std::allocator<std::shared_ptr<Object> >::~allocator()
 .text$_ZNSt10shared_ptrI6ObjectEC1EOS1_
                0x00000005bf9128c0       0x40 ObjectHolder.o
                0x00000005bf9128c0                std::shared_ptr<Object>::shared_ptr(std::shared_ptr<Object>&&)
 .text$_ZNSt10shared_ptrI6ObjectEC1ERKS1_
                0x00000005bf912900       0x30 ObjectHolder.o
                0x00000005bf912900                std::shared_ptr<Object>::shared_ptr(std::shared_ptr<Object> const&)
 .text$_ZNSt10shared_ptrI6ObjectEC1Ev
                0x00000005bf912930       0x20 ObjectHolder.o
                0x00000005bf912930                std::shared_ptr<Object>::shared_ptr()
 .text$_ZNSt10shared_ptrI6ObjectEC1IS0_vEEPT_
                0x00000005bf912950       0x30 ObjectHolder.o
                0x00000005bf912950                std::shared_ptr<Object>::shared_ptr<Object, void>(Object*)
 .text$_ZNSt10shared_ptrI6ObjectED1Ev
                0x00000005bf912980       0x20 ObjectHolder.o
                0x00000005bf912980                std::shared_ptr<Object>::~shared_ptr()
 .text$_ZNSt10shared_ptrI6ObjectEaSEOS1_
                0x00000005bf9129a0       0x40 ObjectHolder.o
                0x00000005bf9129a0                std::shared_ptr<Object>::operator=(std::shared_ptr<Object>&&)
 .text$_ZNSt12_Destroy_auxILb0EE9__destroyIPSt10shared_ptrI6ObjectEEEvT_S6_
                0x00000005bf9129e0       0x40 ObjectHolder.o
                0x00000005bf9129e0                void std::_Destroy_aux<false>::__destroy<std::shared_ptr<Object>*>(std::shared_ptr<Object>*, std::shared_ptr<Object>*)
 .text$_ZNSt12_Vector_baseISt10shared_ptrI6ObjectESaIS2_EE11_M_allocateEm
                0x00000005bf912a20       0x40 ObjectHolder.o
                0x00000005bf912a20                std::_Vector_base<std::shared_ptr<Object>, std::allocator<std::shared_ptr<Object> > >::_M_allocate(unsigned long)
 .text$_ZNSt12_Vector_baseISt10shared_ptrI6ObjectESaIS2_EE12_Vector_implC1ERKS3_
                0x00000005bf912a60       0x40 ObjectHolder.o
                0x00000005bf912a60                std::_Vector_base<std::shared_ptr<Object>, std::allocator<std::shared_ptr<Object> > >::_Vector_impl::_Vector_impl(std::allocator<std::shared_ptr<Object> > const&)
 .text$_ZNSt12_Vector_baseISt10shared_ptrI6ObjectESaIS2_EE12_Vector_implC1Ev
                0x00000005bf912aa0       0x30 ObjectHolder.o
                0x00000005bf912aa0                std::_Vector_base<std::shared_ptr<Object>, std::allocator<std::shared_ptr<Object> > >::_Vector_impl::_Vector_impl()
 .text$_ZNSt12_Vector_baseISt10shared_ptrI6ObjectESaIS2_EE12_Vector_implD1Ev
                0x00000005bf912ad0       0x20 ObjectHolder.o
                0x00000005bf912ad0                std::_Vector_base<std::shared_ptr<Object>, std::allocator<std::shared_ptr<Object> > >::_Vector_impl::~_Vector_impl()
 .text$_ZNSt12_Vector_baseISt10shared_ptrI6ObjectESaIS2_EE13_M_deallocateEPS2_m
                0x00000005bf912af0       0x40 ObjectHolder.o
                0x00000005bf912af0                std::_Vector_base<std::shared_ptr<Object>, std::allocator<std::shared_ptr<Object> > >::_M_deallocate(std::shared_ptr<Object>*, unsigned long)
 .text$_ZNSt12_Vector_baseISt10shared_ptrI6ObjectESaIS2_EE17_M_create_storageEm
                0x00000005bf912b30       0x60 ObjectHolder.o
                0x00000005bf912b30                std::_Vector_base<std::shared_ptr<Object>, std::allocator<std::shared_ptr<Object> > >::_M_create_storage(unsigned long)
 .text$_ZNSt12_Vector_baseISt10shared_ptrI6ObjectESaIS2_EE17_Vector_impl_dataC2Ev
                0x00000005bf912b90       0x30 ObjectHolder.o
                0x00000005bf912b90                std::_Vector_base<std::shared_ptr<Object>, std::allocator<std::shared_ptr<Object> > >::_Vector_impl_data::_Vector_impl_data()
 .text$_ZNSt12_Vector_baseISt10shared_ptrI6ObjectESaIS2_EE19_M_get_Tp_allocatorEv
                0x00000005bf912bc0       0x10 ObjectHolder.o
                0x00000005bf912bc0                std::_Vector_base<std::shared_ptr<Object>, std::allocator<std::shared_ptr<Object> > >::_M_get_Tp_allocator()
 .text$_ZNSt12_Vector_baseISt10shared_ptrI6ObjectESaIS2_EEC2EmRKS3_
                0x00000005bf912bd0       0x60 ObjectHolder.o
                0x00000005bf912bd0                std::_Vector_base<std::shared_ptr<Object>, std::allocator<std::shared_ptr<Object> > >::_Vector_base(unsigned long, std::allocator<std::shared_ptr<Object> > const&)
 .text$_ZNSt12_Vector_baseISt10shared_ptrI6ObjectESaIS2_EEC2Ev
                0x00000005bf912c30       0x20 ObjectHolder.o
                0x00000005bf912c30                std::_Vector_base<std::shared_ptr<Object>, std::allocator<std::shared_ptr<Object> > >::_Vector_base()
 .text$_ZNSt12_Vector_baseISt10shared_ptrI6ObjectESaIS2_EED2Ev
                0x00000005bf912c50       0x60 ObjectHolder.o
                0x00000005bf912c50                std::_Vector_base<std::shared_ptr<Object>, std::allocator<std::shared_ptr<Object> > >::~_Vector_base()
 .text$_ZNSt12__shared_ptrI6ObjectLN9__gnu_cxx12_Lock_policyE2EE31_M_enable_shared_from_this_withIS0_S0_EENSt9enable_ifIXntsrNS3_15__has_esft_baseIT0_vEE5valueEvE4typeEPT_
                0x00000005bf912cb0       0x10 ObjectHolder.o
                0x00000005bf912cb0                std::enable_if<!std::__shared_ptr<Object, (__gnu_cxx::_Lock_policy)2>::__has_esft_base<Object, void>::value, void>::type std::__shared_ptr<Object, (__gnu_cxx::_Lock_policy)2>::_M_enable_shared_from_this_with<Object, Object>(Object*)
 .text$_ZNSt12__shared_ptrI6ObjectLN9__gnu_cxx12_Lock_policyE2EE4swapERS3_
                0x00000005bf912cc0       0x40 ObjectHolder.o
                0x00000005bf912cc0                std::__shared_ptr<Object, (__gnu_cxx::_Lock_policy)2>::swap(std::__shared_ptr<Object, (__gnu_cxx::_Lock_policy)2>&)
 .text$_ZNSt12__shared_ptrI6ObjectLN9__gnu_cxx12_Lock_policyE2EEC1EOS3_
                0x00000005bf912d00       0x60 ObjectHolder.o
                0x00000005bf912d00                std::__shared_ptr<Object, (__gnu_cxx::_Lock_policy)2>::__shared_ptr(std::__shared_ptr<Object, (__gnu_cxx::_Lock_policy)2>&&)
 .text$_ZNSt12__shared_ptrI6ObjectLN9__gnu_cxx12_Lock_policyE2EEC2EOS3_
                0x00000005bf912d60       0x60 ObjectHolder.o
                0x00000005bf912d60                std::__shared_ptr<Object, (__gnu_cxx::_Lock_policy)2>::__shared_ptr(std::__shared_ptr<Object, (__gnu_cxx::_Lock_policy)2>&&)
 .text$_ZNSt12__shared_ptrI6ObjectLN9__gnu_cxx12_Lock_policyE2EEC2ERKS3_
                0x00000005bf912dc0       0x40 ObjectHolder.o
                0x00000005bf912dc0                std::__shared_ptr<Object, (__gnu_cxx::_Lock_policy)2>::__shared_ptr(std::__shared_ptr<Object, (__gnu_cxx::_Lock_policy)2> const&)
 .text$_ZNSt12__shared_ptrI6ObjectLN9__gnu_cxx12_Lock_policyE2EEC2Ev
                0x00000005bf912e00       0x30 ObjectHolder.o
                0x00000005bf912e00                std::__shared_ptr<Object, (__gnu_cxx::_Lock_policy)2>::__shared_ptr()
 .text$_ZNSt12__shared_ptrI6ObjectLN9__gnu_cxx12_Lock_policyE2EEC2IS0_vEEPT_
                0x00000005bf912e30       0x50 ObjectHolder.o
                0x00000005bf912e30                std::__shared_ptr<Object, (__gnu_cxx::_Lock_policy)2>::__shared_ptr<Object, void>(Object*)
 .text$_ZNSt12__shared_ptrI6ObjectLN9__gnu_cxx12_Lock_policyE2EED1Ev
                0x00000005bf912e80       0x30 ObjectHolder.o
                0x00000005bf912e80                std::__shared_ptr<Object, (__gnu_cxx::_Lock_policy)2>::~__shared_ptr()
 .text$_ZNSt12__shared_ptrI6ObjectLN9__gnu_cxx12_Lock_policyE2EED2Ev
                0x00000005bf912eb0       0x30 ObjectHolder.o
                0x00000005bf912eb0                std::__shared_ptr<Object, (__gnu_cxx::_Lock_policy)2>::~__shared_ptr()
 .text$_ZNSt12__shared_ptrI6ObjectLN9__gnu_cxx12_Lock_policyE2EEaSEOS3_
                0x00000005bf912ee0       0x60 ObjectHolder.o
                0x00000005bf912ee0                std::__shared_ptr<Object, (__gnu_cxx::_Lock_policy)2>::operator=(std::__shared_ptr<Object, (__gnu_cxx::_Lock_policy)2>&&)
 .text$_ZNSt13move_iteratorIPSt10shared_ptrI6ObjectEEC1ES3_
                0x00000005bf912f40       0x30 ObjectHolder.o
                0x00000005bf912f40                std::move_iterator<std::shared_ptr<Object>*>::move_iterator(std::shared_ptr<Object>*)
 .text$_ZNSt13move_iteratorIPSt10shared_ptrI6ObjectEEppEv
                0x00000005bf912f70       0x20 ObjectHolder.o
                0x00000005bf912f70                std::move_iterator<std::shared_ptr<Object>*>::operator++()
 .text$_ZNSt14__shared_countILN9__gnu_cxx12_Lock_policyE2EE7_M_swapERS2_
                0x00000005bf912f90       0x40 ObjectHolder.o
                0x00000005bf912f90                std::__shared_count<(__gnu_cxx::_Lock_policy)2>::_M_swap(std::__shared_count<(__gnu_cxx::_Lock_policy)2>&)
 .text$_ZNSt14__shared_countILN9__gnu_cxx12_Lock_policyE2EEC1ERKS2_
                0x00000005bf912fd0       0x40 ObjectHolder.o
                0x00000005bf912fd0                std::__shared_count<(__gnu_cxx::_Lock_policy)2>::__shared_count(std::__shared_count<(__gnu_cxx::_Lock_policy)2> const&)
 .text$_ZNSt14__shared_countILN9__gnu_cxx12_Lock_policyE2EEC1Ev
                0x00000005bf913010       0x20 ObjectHolder.o
                0x00000005bf913010                std::__shared_count<(__gnu_cxx::_Lock_policy)2>::__shared_count()
 .text$_ZNSt14__shared_countILN9__gnu_cxx12_Lock_policyE2EEC1IP6ObjectEET_
                0x00000005bf913030       0x90 ObjectHolder.o
                0x00000005bf913030                std::__shared_count<(__gnu_cxx::_Lock_policy)2>::__shared_count<Object*>(Object*)
 .text$_ZNSt14__shared_countILN9__gnu_cxx12_Lock_policyE2EEC1IP6ObjectEET_St17integral_constantIbLb0EE
                0x00000005bf9130c0       0x30 ObjectHolder.o
                0x00000005bf9130c0                std::__shared_count<(__gnu_cxx::_Lock_policy)2>::__shared_count<Object*>(Object*, std::integral_constant<bool, false>)
 .text$_ZNSt14__shared_countILN9__gnu_cxx12_Lock_policyE2EED1Ev
                0x00000005bf9130f0       0x30 ObjectHolder.o
                0x00000005bf9130f0                std::__shared_count<(__gnu_cxx::_Lock_policy)2>::~__shared_count()
 .text$_ZNSt15_Sp_counted_ptrIP6ObjectLN9__gnu_cxx12_Lock_policyE2EE10_M_destroyEv
                0x00000005bf913120       0x30 ObjectHolder.o
                0x00000005bf913120                std::_Sp_counted_ptr<Object*, (__gnu_cxx::_Lock_policy)2>::_M_destroy()
 .text$_ZNSt15_Sp_counted_ptrIP6ObjectLN9__gnu_cxx12_Lock_policyE2EE10_M_disposeEv
                0x00000005bf913150       0x30 ObjectHolder.o
                0x00000005bf913150                std::_Sp_counted_ptr<Object*, (__gnu_cxx::_Lock_policy)2>::_M_dispose()
 .text$_ZNSt15_Sp_counted_ptrIP6ObjectLN9__gnu_cxx12_Lock_policyE2EE14_M_get_deleterERKSt9type_info
                0x00000005bf913180       0x20 ObjectHolder.o
                0x00000005bf913180                std::_Sp_counted_ptr<Object*, (__gnu_cxx::_Lock_policy)2>::_M_get_deleter(std::type_info const&)
 .text$_ZNSt15_Sp_counted_ptrIP6ObjectLN9__gnu_cxx12_Lock_policyE2EEC1ES1_
                0x00000005bf9131a0       0x40 ObjectHolder.o
                0x00000005bf9131a0                std::_Sp_counted_ptr<Object*, (__gnu_cxx::_Lock_policy)2>::_Sp_counted_ptr(Object*)
 .text$_ZNSt15_Sp_counted_ptrIP6ObjectLN9__gnu_cxx12_Lock_policyE2EED0Ev
                0x00000005bf9131e0       0x30 ObjectHolder.o
                0x00000005bf9131e0                std::_Sp_counted_ptr<Object*, (__gnu_cxx::_Lock_policy)2>::~_Sp_counted_ptr()
 .text$_ZNSt15_Sp_counted_ptrIP6ObjectLN9__gnu_cxx12_Lock_policyE2EED1Ev
                0x00000005bf913210       0x30 ObjectHolder.o
                0x00000005bf913210                std::_Sp_counted_ptr<Object*, (__gnu_cxx::_Lock_policy)2>::~_Sp_counted_ptr()
 .text$_ZNSt16_Sp_counted_baseILN9__gnu_cxx12_Lock_policyE2EE10_M_destroyEv
                0x00000005bf913240       0x30 ObjectHolder.o
                0x00000005bf913240                std::_Sp_counted_base<(__gnu_cxx::_Lock_policy)2>::_M_destroy()
 .text$_ZNSt16_Sp_counted_baseILN9__gnu_cxx12_Lock_policyE2EE10_M_releaseEv
                0x00000005bf913270      0x130 ObjectHolder.o
                0x00000005bf913270                std::_Sp_counted_base<(__gnu_cxx::_Lock_policy)2>::_M_release()
 .text$_ZNSt16_Sp_counted_baseILN9__gnu_cxx12_Lock_policyE2EE15_M_add_ref_copyEv
                0x00000005bf9133a0       0x70 ObjectHolder.o
                0x00000005bf9133a0                std::_Sp_counted_base<(__gnu_cxx::_Lock_policy)2>::_M_add_ref_copy()
 .text$_ZNSt16_Sp_counted_baseILN9__gnu_cxx12_Lock_policyE2EEC2Ev
                0x00000005bf913410       0x30 ObjectHolder.o
                0x00000005bf913410                std::_Sp_counted_base<(__gnu_cxx::_Lock_policy)2>::_Sp_counted_base()
 .text$_ZNSt16_Sp_counted_baseILN9__gnu_cxx12_Lock_policyE2EED2Ev
                0x00000005bf913440       0x20 ObjectHolder.o
                0x00000005bf913440                std::_Sp_counted_base<(__gnu_cxx::_Lock_policy)2>::~_Sp_counted_base()
 .text$_ZNSt16allocator_traitsISaISt10shared_ptrI6ObjectEEE10deallocateERS3_PS2_m
                0x00000005bf913460       0x40 ObjectHolder.o
                0x00000005bf913460                std::allocator_traits<std::allocator<std::shared_ptr<Object> > >::deallocate(std::allocator<std::shared_ptr<Object> >&, std::shared_ptr<Object>*, unsigned long)
 .text$_ZNSt16allocator_traitsISaISt10shared_ptrI6ObjectEEE37select_on_container_copy_constructionERKS3_
                0x00000005bf9134a0       0x30 ObjectHolder.o
                0x00000005bf9134a0                std::allocator_traits<std::allocator<std::shared_ptr<Object> > >::select_on_container_copy_construction(std::allocator<std::shared_ptr<Object> > const&)
 .text$_ZNSt16allocator_traitsISaISt10shared_ptrI6ObjectEEE7destroyIS2_EEvRS3_PT_
                0x00000005bf9134d0       0x30 ObjectHolder.o
                0x00000005bf9134d0                void std::allocator_traits<std::allocator<std::shared_ptr<Object> > >::destroy<std::shared_ptr<Object> >(std::allocator<std::shared_ptr<Object> >&, std::shared_ptr<Object>*)
 .text$_ZNSt16allocator_traitsISaISt10shared_ptrI6ObjectEEE8allocateERS3_m
                0x00000005bf913500       0x30 ObjectHolder.o
                0x00000005bf913500                std::allocator_traits<std::allocator<std::shared_ptr<Object> > >::allocate(std::allocator<std::shared_ptr<Object> >&, unsigned long)
 .text$_ZNSt16allocator_traitsISaISt10shared_ptrI6ObjectEEE8max_sizeERKS3_
                0x00000005bf913530       0x20 ObjectHolder.o
                0x00000005bf913530                std::allocator_traits<std::allocator<std::shared_ptr<Object> > >::max_size(std::allocator<std::shared_ptr<Object> > const&)
 .text$_ZNSt16allocator_traitsISaISt10shared_ptrI6ObjectEEE9constructIS2_JRKS2_EEEvRS3_PT_DpOT0_
                0x00000005bf913550       0x40 ObjectHolder.o
                0x00000005bf913550                void std::allocator_traits<std::allocator<std::shared_ptr<Object> > >::construct<std::shared_ptr<Object>, std::shared_ptr<Object> const&>(std::allocator<std::shared_ptr<Object> >&, std::shared_ptr<Object>*, std::shared_ptr<Object> const&)
 .text$_ZNSt16allocator_traitsISaISt10shared_ptrI6ObjectEEE9constructIS2_JS2_EEEvRS3_PT_DpOT0_
                0x00000005bf913590       0x40 ObjectHolder.o
                0x00000005bf913590                void std::allocator_traits<std::allocator<std::shared_ptr<Object> > >::construct<std::shared_ptr<Object>, std::shared_ptr<Object> >(std::allocator<std::shared_ptr<Object> >&, std::shared_ptr<Object>*, std::shared_ptr<Object>&&)
 .text$_ZNSt20__uninitialized_copyILb0EE13__uninit_copyIN9__gnu_cxx17__normal_iteratorIPKSt10shared_ptrI6ObjectESt6vectorIS6_SaIS6_EEEEPS6_EET0_T_SF_SE_
                0x00000005bf9135d0       0x80 ObjectHolder.o
                0x00000005bf9135d0                std::shared_ptr<Object>* std::__uninitialized_copy<false>::__uninit_copy<__gnu_cxx::__normal_iterator<std::shared_ptr<Object> const*, std::vector<std::shared_ptr<Object>, std::allocator<std::shared_ptr<Object> > > >, std::shared_ptr<Object>*>(__gnu_cxx::__normal_iterator<std::shared_ptr<Object> const*, std::vector<std::shared_ptr<Object>, std::allocator<std::shared_ptr<Object> > > >, __gnu_cxx::__normal_iterator<std::shared_ptr<Object> const*, std::vector<std::shared_ptr<Object>, std::allocator<std::shared_ptr<Object> > > >, std::shared_ptr<Object>*)
 .text$_ZNSt20__uninitialized_copyILb0EE13__uninit_copyISt13move_iteratorIPSt10shared_ptrI6ObjectEES6_EET0_T_S9_S8_
                0x00000005bf913650       0xb0 ObjectHolder.o
                0x00000005bf913650                std::shared_ptr<Object>* std::__uninitialized_copy<false>::__uninit_copy<std::move_iterator<std::shared_ptr<Object>*>, std::shared_ptr<Object>*>(std::move_iterator<std::shared_ptr<Object>*>, std::move_iterator<std::shared_ptr<Object>*>, std::shared_ptr<Object>*)
 .text$_ZNSt6vectorISt10shared_ptrI6ObjectESaIS2_EE11_S_max_sizeERKS3_
                0x00000005bf913700       0x40 ObjectHolder.o
                0x00000005bf913700                std::vector<std::shared_ptr<Object>, std::allocator<std::shared_ptr<Object> > >::_S_max_size(std::allocator<std::shared_ptr<Object> > const&)
 .text$_ZNSt6vectorISt10shared_ptrI6ObjectESaIS2_EE11_S_relocateEPS2_S5_S5_RS3_
                0x00000005bf913740       0x40 ObjectHolder.o
                0x00000005bf913740                std::vector<std::shared_ptr<Object>, std::allocator<std::shared_ptr<Object> > >::_S_relocate(std::shared_ptr<Object>*, std::shared_ptr<Object>*, std::shared_ptr<Object>*, std::allocator<std::shared_ptr<Object> >&)
 .text$_ZNSt6vectorISt10shared_ptrI6ObjectESaIS2_EE14_S_do_relocateEPS2_S5_S5_RS3_St17integral_constantIbLb1EE
                0x00000005bf913780       0x40 ObjectHolder.o
                0x00000005bf913780                std::vector<std::shared_ptr<Object>, std::allocator<std::shared_ptr<Object> > >::_S_do_relocate(std::shared_ptr<Object>*, std::shared_ptr<Object>*, std::shared_ptr<Object>*, std::allocator<std::shared_ptr<Object> >&, std::integral_constant<bool, true>)
 .text$_ZNSt6vectorISt10shared_ptrI6ObjectESaIS2_EE15_S_use_relocateEv
                0x00000005bf9137c0       0x20 ObjectHolder.o
                0x00000005bf9137c0                std::vector<std::shared_ptr<Object>, std::allocator<std::shared_ptr<Object> > >::_S_use_relocate()
 .text$_ZNSt6vectorISt10shared_ptrI6ObjectESaIS2_EE17_M_realloc_insertIJRKS2_EEEvN9__gnu_cxx17__normal_iteratorIPS2_S4_EEDpOT_
                0x00000005bf9137e0      0x2d0 ObjectHolder.o
                0x00000005bf9137e0                void std::vector<std::shared_ptr<Object>, std::allocator<std::shared_ptr<Object> > >::_M_realloc_insert<std::shared_ptr<Object> const&>(__gnu_cxx::__normal_iterator<std::shared_ptr<Object>*, std::vector<std::shared_ptr<Object>, std::allocator<std::shared_ptr<Object> > > >, std::shared_ptr<Object> const&)
 .text$_ZNSt6vectorISt10shared_ptrI6ObjectESaIS2_EE19_S_nothrow_relocateESt17integral_constantIbLb1EE
                0x00000005bf913ab0       0x10 ObjectHolder.o
                0x00000005bf913ab0                std::vector<std::shared_ptr<Object>, std::allocator<std::shared_ptr<Object> > >::_S_nothrow_relocate(std::integral_constant<bool, true>)
 .text$_ZNSt6vectorISt10shared_ptrI6ObjectESaIS2_EE3endEv
                0x00000005bf913ac0       0x30 ObjectHolder.o
                0x00000005bf913ac0                std::vector<std::shared_ptr<Object>, std::allocator<std::shared_ptr<Object> > >::end()
 .text$_ZNSt6vectorISt10shared_ptrI6ObjectESaIS2_EE4backEv
                0x00000005bf913af0       0x40 ObjectHolder.o
                0x00000005bf913af0                std::vector<std::shared_ptr<Object>, std::allocator<std::shared_ptr<Object> > >::back()
 .text$_ZNSt6vectorISt10shared_ptrI6ObjectESaIS2_EE5beginEv
                0x00000005bf913b30       0x30 ObjectHolder.o
                0x00000005bf913b30                std::vector<std::shared_ptr<Object>, std::allocator<std::shared_ptr<Object> > >::begin()
 .text$_ZNSt6vectorISt10shared_ptrI6ObjectESaIS2_EE9push_backERKS2_
                0x00000005bf913b60       0x80 ObjectHolder.o
                0x00000005bf913b60                std::vector<std::shared_ptr<Object>, std::allocator<std::shared_ptr<Object> > >::push_back(std::shared_ptr<Object> const&)
 .text$_ZNSt6vectorISt10shared_ptrI6ObjectESaIS2_EEC1ERKS4_
                0x00000005bf913be0       0xf0 ObjectHolder.o
                0x00000005bf913be0                std::vector<std::shared_ptr<Object>, std::allocator<std::shared_ptr<Object> > >::vector(std::vector<std::shared_ptr<Object>, std::allocator<std::shared_ptr<Object> > > const&)
 .text$_ZNSt6vectorISt10shared_ptrI6ObjectESaIS2_EEC1Ev
                0x00000005bf913cd0       0x20 ObjectHolder.o
                0x00000005bf913cd0                std::vector<std::shared_ptr<Object>, std::allocator<std::shared_ptr<Object> > >::vector()
 .text$_ZNSt6vectorISt10shared_ptrI6ObjectESaIS2_EED1Ev
                0x00000005bf913cf0       0x50 ObjectHolder.o
                0x00000005bf913cf0                std::vector<std::shared_ptr<Object>, std::allocator<std::shared_ptr<Object> > >::~vector()
 .text$_ZSt10_ConstructISt10shared_ptrI6ObjectEJRKS2_EEvPT_DpOT0_
                0x00000005bf913d40       0x50 ObjectHolder.o
                0x00000005bf913d40                void std::_Construct<std::shared_ptr<Object>, std::shared_ptr<Object> const&>(std::shared_ptr<Object>*, std::shared_ptr<Object> const&)
 .text$_ZSt10_ConstructISt10shared_ptrI6ObjectEJS2_EEvPT_DpOT0_
                0x00000005bf913d90       0x50 ObjectHolder.o
                0x00000005bf913d90                void std::_Construct<std::shared_ptr<Object>, std::shared_ptr<Object> >(std::shared_ptr<Object>*, std::shared_ptr<Object>&&)
 .text$_ZSt11__addressofISt10shared_ptrI6ObjectEEPT_RS3_
                0x00000005bf913de0       0x10 ObjectHolder.o
                0x00000005bf913de0                std::shared_ptr<Object>* std::__addressof<std::shared_ptr<Object> >(std::shared_ptr<Object>&)
 .text$_ZSt12__niter_baseIPSt10shared_ptrI6ObjectEET_S4_
                0x00000005bf913df0       0x10 ObjectHolder.o
                0x00000005bf913df0                std::shared_ptr<Object>* std::__niter_base<std::shared_ptr<Object>*>(std::shared_ptr<Object>*)
 .text$_ZSt12__relocate_aIPSt10shared_ptrI6ObjectES3_SaIS2_EET0_T_S6_S5_RT1_
                0x00000005bf913e00       0x60 ObjectHolder.o
                0x00000005bf913e00                std::shared_ptr<Object>* std::__relocate_a<std::shared_ptr<Object>*, std::shared_ptr<Object>*, std::allocator<std::shared_ptr<Object> > >(std::shared_ptr<Object>*, std::shared_ptr<Object>*, std::shared_ptr<Object>*, std::allocator<std::shared_ptr<Object> >&)
 .text$_ZSt14__relocate_a_1IPSt10shared_ptrI6ObjectES3_SaIS2_EET0_T_S6_S5_RT1_
                0x00000005bf913e60       0x70 ObjectHolder.o
                0x00000005bf913e60                std::shared_ptr<Object>* std::__relocate_a_1<std::shared_ptr<Object>*, std::shared_ptr<Object>*, std::allocator<std::shared_ptr<Object> > >(std::shared_ptr<Object>*, std::shared_ptr<Object>*, std::shared_ptr<Object>*, std::allocator<std::shared_ptr<Object> >&)
 .text$_ZSt18uninitialized_copyIN9__gnu_cxx17__normal_iteratorIPKSt10shared_ptrI6ObjectESt6vectorIS4_SaIS4_EEEEPS4_ET0_T_SD_SC_
                0x00000005bf913ed0       0x40 ObjectHolder.o
                0x00000005bf913ed0                std::shared_ptr<Object>* std::uninitialized_copy<__gnu_cxx::__normal_iterator<std::shared_ptr<Object> const*, std::vector<std::shared_ptr<Object>, std::allocator<std::shared_ptr<Object> > > >, std::shared_ptr<Object>*>(__gnu_cxx::__normal_iterator<std::shared_ptr<Object> const*, std::vector<std::shared_ptr<Object>, std::allocator<std::shared_ptr<Object> > > >, __gnu_cxx::__normal_iterator<std::shared_ptr<Object> const*, std::vector<std::shared_ptr<Object>, std::allocator<std::shared_ptr<Object> > > >, std::shared_ptr<Object>*)
 .text$_ZSt18uninitialized_copyISt13move_iteratorIPSt10shared_ptrI6ObjectEES4_ET0_T_S7_S6_
                0x00000005bf913f10       0x40 ObjectHolder.o
                0x00000005bf913f10                std::shared_ptr<Object>* std::uninitialized_copy<std::move_iterator<std::shared_ptr<Object>*>, std::shared_ptr<Object>*>(std::move_iterator<std::shared_ptr<Object>*>, std::move_iterator<std::shared_ptr<Object>*>, std::shared_ptr<Object>*)
 .text$_ZSt19__relocate_object_aISt10shared_ptrI6ObjectES2_SaIS2_EEvPT_PT0_RT1_
                0x00000005bf913f50       0x60 ObjectHolder.o
                0x00000005bf913f50                void std::__relocate_object_a<std::shared_ptr<Object>, std::shared_ptr<Object>, std::allocator<std::shared_ptr<Object> > >(std::shared_ptr<Object>*, std::shared_ptr<Object>*, std::allocator<std::shared_ptr<Object> >&)
 .text$_ZSt22__uninitialized_copy_aIN9__gnu_cxx17__normal_iteratorIPKSt10shared_ptrI6ObjectESt6vectorIS4_SaIS4_EEEEPS4_S4_ET0_T_SD_SC_RSaIT1_E
                0x00000005bf913fb0       0x40 ObjectHolder.o
                0x00000005bf913fb0                std::shared_ptr<Object>* std::__uninitialized_copy_a<__gnu_cxx::__normal_iterator<std::shared_ptr<Object> const*, std::vector<std::shared_ptr<Object>, std::allocator<std::shared_ptr<Object> > > >, std::shared_ptr<Object>*, std::shared_ptr<Object> >(__gnu_cxx::__normal_iterator<std::shared_ptr<Object> const*, std::vector<std::shared_ptr<Object>, std::allocator<std::shared_ptr<Object> > > >, __gnu_cxx::__normal_iterator<std::shared_ptr<Object> const*, std::vector<std::shared_ptr<Object>, std::allocator<std::shared_ptr<Object> > > >, std::shared_ptr<Object>*, std::allocator<std::shared_ptr<Object> >&)
 .text$_ZSt22__uninitialized_copy_aISt13move_iteratorIPSt10shared_ptrI6ObjectEES4_S3_ET0_T_S7_S6_RSaIT1_E
                0x00000005bf913ff0       0x40 ObjectHolder.o
                0x00000005bf913ff0                std::shared_ptr<Object>* std::__uninitialized_copy_a<std::move_iterator<std::shared_ptr<Object>*>, std::shared_ptr<Object>*, std::shared_ptr<Object> >(std::move_iterator<std::shared_ptr<Object>*>, std::move_iterator<std::shared_ptr<Object>*>, std::shared_ptr<Object>*, std::allocator<std::shared_ptr<Object> >&)
 .text$_ZSt32__make_move_if_noexcept_iteratorISt10shared_ptrI6ObjectESt13move_iteratorIPS2_EET0_PT_
                0x00000005bf914030       0x30 ObjectHolder.o
                0x00000005bf914030                std::move_iterator<std::shared_ptr<Object>*> std::__make_move_if_noexcept_iterator<std::shared_ptr<Object>, std::move_iterator<std::shared_ptr<Object>*> >(std::shared_ptr<Object>*)
 .text$_ZSt34__uninitialized_move_if_noexcept_aIPSt10shared_ptrI6ObjectES3_SaIS2_EET0_T_S6_S5_RT1_
                0x00000005bf914060       0x60 ObjectHolder.o
                0x00000005bf914060                std::shared_ptr<Object>* std::__uninitialized_move_if_noexcept_a<std::shared_ptr<Object>*, std::shared_ptr<Object>*, std::allocator<std::shared_ptr<Object> > >(std::shared_ptr<Object>*, std::shared_ptr<Object>*, std::shared_ptr<Object>*, std::allocator<std::shared_ptr<Object> >&)
 .text$_ZSt3maxImERKT_S2_S2_
                0x00000005bf9140c0       0x30 ObjectHolder.o
                0x00000005bf9140c0                unsigned long const& std::max<unsigned long>(unsigned long const&, unsigned long const&)
 .text$_ZSt3minImERKT_S2_S2_
                0x00000005bf9140f0       0x30 ObjectHolder.o
                0x00000005bf9140f0                unsigned long const& std::min<unsigned long>(unsigned long const&, unsigned long const&)
 .text$_ZSt4moveIRP6ObjectEONSt16remove_referenceIT_E4typeEOS4_
                0x00000005bf914120       0x10 ObjectHolder.o
                0x00000005bf914120                std::remove_reference<Object*&>::type&& std::move<Object*&>(Object*&)
 .text$_ZSt4moveIRPSt10shared_ptrI6ObjectEEONSt16remove_referenceIT_E4typeEOS6_
                0x00000005bf914130       0x10 ObjectHolder.o
                0x00000005bf914130                std::remove_reference<std::shared_ptr<Object>*&>::type&& std::move<std::shared_ptr<Object>*&>(std::shared_ptr<Object>*&)
 .text$_ZSt4moveIRSt10shared_ptrI6ObjectEEONSt16remove_referenceIT_E4typeEOS5_
                0x00000005bf914140       0x10 ObjectHolder.o
                0x00000005bf914140                std::remove_reference<std::shared_ptr<Object>&>::type&& std::move<std::shared_ptr<Object>&>(std::shared_ptr<Object>&)
 .text$_ZSt4moveIRSt12__shared_ptrI6ObjectLN9__gnu_cxx12_Lock_policyE2EEEONSt16remove_referenceIT_E4typeEOS7_
                0x00000005bf914150       0x10 ObjectHolder.o
                0x00000005bf914150                std::remove_reference<std::__shared_ptr<Object, (__gnu_cxx::_Lock_policy)2>&>::type&& std::move<std::__shared_ptr<Object, (__gnu_cxx::_Lock_policy)2>&>(std::__shared_ptr<Object, (__gnu_cxx::_Lock_policy)2>&)
 .text$_ZSt4swapIP6ObjectENSt9enable_ifIXsrSt6__and_IJSt6__not_ISt15__is_tuple_likeIT_EESt21is_move_constructibleIS6_ESt18is_move_assignableIS6_EEE5valueEvE4typeERS6_SG_
                0x00000005bf914160       0x60 ObjectHolder.o
                0x00000005bf914160                std::enable_if<std::__and_<std::__not_<std::__is_tuple_like<Object*> >, std::is_move_constructible<Object*>, std::is_move_assignable<Object*> >::value, void>::type std::swap<Object*>(Object*&, Object*&)
 .text$_ZSt7forwardIRKSt10shared_ptrI6ObjectEEOT_RNSt16remove_referenceIS5_E4typeE
                0x00000005bf9141c0       0x10 ObjectHolder.o
                0x00000005bf9141c0                std::shared_ptr<Object> const& std::forward<std::shared_ptr<Object> const&>(std::remove_reference<std::shared_ptr<Object> const&>::type&)
 .text$_ZSt7forwardISt10shared_ptrI6ObjectEEOT_RNSt16remove_referenceIS3_E4typeE
                0x00000005bf9141d0       0x10 ObjectHolder.o
                0x00000005bf9141d0                std::shared_ptr<Object>&& std::forward<std::shared_ptr<Object> >(std::remove_reference<std::shared_ptr<Object> >::type&)
 .text$_ZSt8_DestroyIPSt10shared_ptrI6ObjectEEvT_S4_
                0x00000005bf9141e0       0x30 ObjectHolder.o
                0x00000005bf9141e0                void std::_Destroy<std::shared_ptr<Object>*>(std::shared_ptr<Object>*, std::shared_ptr<Object>*)
 .text$_ZSt8_DestroyIPSt10shared_ptrI6ObjectES2_EvT_S4_RSaIT0_E
                0x00000005bf914210       0x30 ObjectHolder.o
                0x00000005bf914210                void std::_Destroy<std::shared_ptr<Object>*, std::shared_ptr<Object> >(std::shared_ptr<Object>*, std::shared_ptr<Object>*, std::allocator<std::shared_ptr<Object> >&)
 .text$_ZSt8_DestroyISt10shared_ptrI6ObjectEEvPT_
                0x00000005bf914240       0x20 ObjectHolder.o
                0x00000005bf914240                void std::_Destroy<std::shared_ptr<Object> >(std::shared_ptr<Object>*)
 .text$_ZSteqIPSt10shared_ptrI6ObjectEEbRKSt13move_iteratorIT_ES8_
                0x00000005bf914260       0x40 ObjectHolder.o
                0x00000005bf914260                bool std::operator==<std::shared_ptr<Object>*>(std::move_iterator<std::shared_ptr<Object>*> const&, std::move_iterator<std::shared_ptr<Object>*> const&)
 .text$_ZStneIPSt10shared_ptrI6ObjectEEbRKSt13move_iteratorIT_ES8_
                0x00000005bf9142a0       0x30 ObjectHolder.o
                0x00000005bf9142a0                bool std::operator!=<std::shared_ptr<Object>*>(std::move_iterator<std::shared_ptr<Object>*> const&, std::move_iterator<std::shared_ptr<Object>*> const&)
 .text$_ZnwmPv  0x00000005bf9142d0       0x20 ObjectHolder.o
                0x00000005bf9142d0                operator new(unsigned long, void*)
 *(.text.*)
 .text.startup  0x00000005bf9142f0       0x10 /usr/lib/gcc/x86_64-pc-cygwin/11/crtend.o
 *(.gnu.linkonce.t.*)
 *(.glue_7t)
 *(.glue_7)
                0x00000005bf914300                . = ALIGN (0x8)
                0x00000005bf914300                ___CTOR_LIST__ = .
                0x00000005bf914300                __CTOR_LIST__ = .
                0x00000005bf914300        0x4 LONG 0xffffffffffffffff
                0x00000005bf914304        0x4 LONG 0xffffffffffffffff
 *(.ctors)
 .ctors         0x00000005bf914308        0x8 ObjectHolder.o
 .ctors         0x00000005bf914310        0x8 Object.o
 *(.ctor)
 *(SORT_BY_NAME(.ctors.*))
 .ctors.65535   0x00000005bf914318        0x8 /usr/lib/gcc/x86_64-pc-cygwin/11/crtend.o
                0x00000005bf914320        0x4 LONG 0x0
                0x00000005bf914324        0x4 LONG 0x0
                0x00000005bf914328                ___DTOR_LIST__ = .
                0x00000005bf914328                __DTOR_LIST__ = .
                0x00000005bf914328        0x4 LONG 0xffffffffffffffff
                0x00000005bf91432c        0x4 LONG 0xffffffffffffffff
 *(.dtors)
 *(.dtor)
 *(SORT_BY_NAME(.dtors.*))
                0x00000005bf914330        0x4 LONG 0x0
                0x00000005bf914334        0x4 LONG 0x0
 *(SORT_NONE(.fini))
 *(.gcc_exc)
                [!provide]                        PROVIDE (etext = .)
 *(.gcc_except_table)

.data           0x00000005bf915000      0x200
                0x00000005bf915000                __data_start__ = .
 *(.data)
 .data          0x00000005bf915000       0x10 /usr/lib/gcc/x86_64-pc-cygwin/11/crtbeginS.o
                0x00000005bf915000                __dso_handle
 .data          0x00000005bf915010        0x0 ObjectHolder.o
 .data          0x00000005bf915010        0x0 Object.o
 .data          0x00000005bf915010        0x0 /usr/lib/gcc/x86_64-pc-cygwin/11/../../../../lib/libcygwin.a(dll_entry.o)
 .data          0x00000005bf915010        0x0 /usr/lib/gcc/x86_64-pc-cygwin/11/../../../../lib/libcygwin.a(dll_main.o)
 .data          0x00000005bf915010        0x0 /usr/lib/gcc/x86_64-pc-cygwin/11/../../../../lib/libcygwin.a(cygwin_attach_dll.o)
 *fill*         0x00000005bf915010       0x10 
 .data          0x00000005bf915020       0x40 /usr/lib/gcc/x86_64-pc-cygwin/11/../../../../lib/libcygwin.a(_cygwin_crt0_common.o)
                0x00000005bf915020                __cygwin_cxx_malloc
 .data          0x00000005bf915060        0x0 /usr/lib/gcc/x86_64-pc-cygwin/11/../../../../lib/libcygwin.a(premain0.o)
 .data          0x00000005bf915060        0x0 /usr/lib/gcc/x86_64-pc-cygwin/11/../../../../lib/libcygwin.a(premain1.o)
 .data          0x00000005bf915060        0x0 /usr/lib/gcc/x86_64-pc-cygwin/11/../../../../lib/libcygwin.a(premain2.o)
 .data          0x00000005bf915060        0x0 /usr/lib/gcc/x86_64-pc-cygwin/11/../../../../lib/libcygwin.a(premain3.o)
 .data          0x00000005bf915060        0x0 /usr/lib/gcc/x86_64-pc-cygwin/11/../../../../lib/libcygwin.a(pseudo-reloc-dummy.o)
 .data          0x00000005bf915060        0x0 /usr/lib/w32api/libkernel32.a(libkernel32s00648.o)
 .data          0x00000005bf915060        0x0 /usr/lib/w32api/libkernel32.a(libkernel32h.o)
 .data          0x00000005bf915060        0x0 /usr/lib/w32api/libkernel32.a(libkernel32t.o)
 .data          0x00000005bf915060        0x0 /usr/lib/gcc/x86_64-pc-cygwin/11/libgcc.a(_ctors.o)
 .data          0x00000005bf915060        0x0 /usr/lib/gcc/x86_64-pc-cygwin/11/crtend.o
 *(.data2)
 *(SORT_BY_NAME(.data$*))
 *(.jcr)
                0x00000005bf915060                __data_end__ = .
 *(.data_cygwin_nocopy)

.rdata          0x00000005bf916000      0x600
 *(.rdata)
 .rdata         0x00000005bf916000       0x70 ObjectHolder.o
 .rdata         0x00000005bf916070       0x40 Object.o
 .rdata         0x00000005bf9160b0        0x8 ObjectHolder_dll_ertr000001.o
 *(SORT_BY_NAME(.rdata$*))
 *fill*         0x00000005bf9160b8        0x8 
 .rdata$.refptr._ZNSt8ios_base4InitD1Ev
                0x00000005bf9160c0       0x10 ObjectHolder.o
                0x00000005bf9160c0                .refptr._ZNSt8ios_base4InitD1Ev
 .rdata$.refptr._ZSt4cout
                0x00000005bf9160d0       0x10 ObjectHolder.o
                0x00000005bf9160d0                .refptr._ZSt4cout
                0x00000005bf9160d0                __fu5__ZSt4cout
 .rdata$.refptr._ZSt4endlIcSt11char_traitsIcEERSt13basic_ostreamIT_T0_ES6_
                0x00000005bf9160e0       0x10 ObjectHolder.o
                0x00000005bf9160e0                .refptr._ZSt4endlIcSt11char_traitsIcEERSt13basic_ostreamIT_T0_ES6_
 .rdata$.refptr._ZTV6Object
                0x00000005bf9160f0       0x10 ObjectHolder.o
                0x00000005bf9160f0                .refptr._ZTV6Object
 .rdata$.refptr.__dso_handle
                0x00000005bf916100       0x10 ObjectHolder.o
                0x00000005bf916100                .refptr.__dso_handle
 .rdata$_ZTI12ObjectHolder
                0x00000005bf916110       0x20 ObjectHolder.o
                0x00000005bf916110                __fu1__ZTVN10__cxxabiv120__si_class_type_infoE
                0x00000005bf916110                typeinfo for ObjectHolder
 .rdata$_ZTI6Object
                0x00000005bf916130       0x10 ObjectHolder.o
                0x00000005bf916130                __fu2__ZTVN10__cxxabiv117__class_type_infoE
                0x00000005bf916130                typeinfo for Object
 .rdata$_ZTISt11_Mutex_baseILN9__gnu_cxx12_Lock_policyE2EE
                0x00000005bf916140       0x10 ObjectHolder.o
                0x00000005bf916140                __fu4__ZTVN10__cxxabiv117__class_type_infoE
                0x00000005bf916140                typeinfo for std::_Mutex_base<(__gnu_cxx::_Lock_policy)2>
 .rdata$_ZTISt15_Sp_counted_ptrIP6ObjectLN9__gnu_cxx12_Lock_policyE2EE
                0x00000005bf916150       0x20 ObjectHolder.o
                0x00000005bf916150                typeinfo for std::_Sp_counted_ptr<Object*, (__gnu_cxx::_Lock_policy)2>
                0x00000005bf916150                __fu0__ZTVN10__cxxabiv120__si_class_type_infoE
 .rdata$_ZTISt16_Sp_counted_baseILN9__gnu_cxx12_Lock_policyE2EE
                0x00000005bf916170       0x20 ObjectHolder.o
                0x00000005bf916170                __fu3__ZTVN10__cxxabiv120__si_class_type_infoE
                0x00000005bf916170                typeinfo for std::_Sp_counted_base<(__gnu_cxx::_Lock_policy)2>
 .rdata$_ZTS12ObjectHolder
                0x00000005bf916190       0x10 ObjectHolder.o
                0x00000005bf916190                typeinfo name for ObjectHolder
 .rdata$_ZTS6Object
                0x00000005bf9161a0       0x10 ObjectHolder.o
                0x00000005bf9161a0                typeinfo name for Object
 *fill*         0x00000005bf9161b0       0x10 
 .rdata$_ZTSSt11_Mutex_baseILN9__gnu_cxx12_Lock_policyE2EE
                0x00000005bf9161c0       0x40 ObjectHolder.o
                0x00000005bf9161c0                typeinfo name for std::_Mutex_base<(__gnu_cxx::_Lock_policy)2>
 .rdata$_ZTSSt15_Sp_counted_ptrIP6ObjectLN9__gnu_cxx12_Lock_policyE2EE
                0x00000005bf916200       0x40 ObjectHolder.o
                0x00000005bf916200                typeinfo name for std::_Sp_counted_ptr<Object*, (__gnu_cxx::_Lock_policy)2>
 .rdata$_ZTSSt16_Sp_counted_baseILN9__gnu_cxx12_Lock_policyE2EE
                0x00000005bf916240       0x40 ObjectHolder.o
                0x00000005bf916240                typeinfo name for std::_Sp_counted_base<(__gnu_cxx::_Lock_policy)2>
 .rdata$_ZTV12ObjectHolder
                0x00000005bf916280       0x40 ObjectHolder.o
                0x00000005bf916280                vtable for ObjectHolder
 .rdata$_ZTV6Object
                0x00000005bf9162c0       0x40 Object.o
                0x00000005bf9162c0                vtable for Object
 .rdata$_ZTVSt15_Sp_counted_ptrIP6ObjectLN9__gnu_cxx12_Lock_policyE2EE
                0x00000005bf916300       0x40 ObjectHolder.o
                0x00000005bf916300                vtable for std::_Sp_counted_ptr<Object*, (__gnu_cxx::_Lock_policy)2>
 .rdata$_ZTVSt16_Sp_counted_baseILN9__gnu_cxx12_Lock_policyE2EE
                0x00000005bf916340       0x40 ObjectHolder.o
                0x00000005bf916340                vtable for std::_Sp_counted_base<(__gnu_cxx::_Lock_policy)2>
 .rdata$zzz     0x00000005bf916380       0x20 /usr/lib/gcc/x86_64-pc-cygwin/11/crtbeginS.o
 .rdata$zzz     0x00000005bf9163a0       0x20 ObjectHolder.o
 .rdata$zzz     0x00000005bf9163c0       0x20 Object.o
 .rdata$zzz     0x00000005bf9163e0       0x20 /usr/lib/gcc/x86_64-pc-cygwin/11/../../../../lib/libcygwin.a(dll_entry.o)
 .rdata$zzz     0x00000005bf916400       0x20 /usr/lib/gcc/x86_64-pc-cygwin/11/../../../../lib/libcygwin.a(dll_main.o)
 .rdata$zzz     0x00000005bf916420       0x20 /usr/lib/gcc/x86_64-pc-cygwin/11/../../../../lib/libcygwin.a(cygwin_attach_dll.o)
 .rdata$zzz     0x00000005bf916440       0x20 /usr/lib/gcc/x86_64-pc-cygwin/11/../../../../lib/libcygwin.a(_cygwin_crt0_common.o)
 .rdata$zzz     0x00000005bf916460       0x20 /usr/lib/gcc/x86_64-pc-cygwin/11/../../../../lib/libcygwin.a(premain0.o)
 .rdata$zzz     0x00000005bf916480       0x20 /usr/lib/gcc/x86_64-pc-cygwin/11/../../../../lib/libcygwin.a(premain1.o)
 .rdata$zzz     0x00000005bf9164a0       0x20 /usr/lib/gcc/x86_64-pc-cygwin/11/../../../../lib/libcygwin.a(premain2.o)
 .rdata$zzz     0x00000005bf9164c0       0x20 /usr/lib/gcc/x86_64-pc-cygwin/11/../../../../lib/libcygwin.a(premain3.o)
 .rdata$zzz     0x00000005bf9164e0       0x20 /usr/lib/gcc/x86_64-pc-cygwin/11/../../../../lib/libcygwin.a(pseudo-reloc-dummy.o)
 .rdata$zzz     0x00000005bf916500       0x20 /usr/lib/gcc/x86_64-pc-cygwin/11/libgcc.a(_ctors.o)
 .rdata$zzz     0x00000005bf916520       0x20 /usr/lib/gcc/x86_64-pc-cygwin/11/crtend.o
                0x00000005bf916540                . = ALIGN (0x4)
                0x00000005bf916540                __rt_psrelocs_start = .
 *(.rdata_runtime_pseudo_reloc)
 .rdata_runtime_pseudo_reloc
                0x00000005bf916540       0x18 ObjectHolder_dll_rtr000000.o
 .rdata_runtime_pseudo_reloc
                0x00000005bf916558        0xc ObjectHolder_dll_rtr000002.o
 .rdata_runtime_pseudo_reloc
                0x00000005bf916564        0xc ObjectHolder_dll_rtr000003.o
 .rdata_runtime_pseudo_reloc
                0x00000005bf916570        0xc ObjectHolder_dll_rtr000004.o
 .rdata_runtime_pseudo_reloc
                0x00000005bf91657c        0xc ObjectHolder_dll_rtr000005.o
 .rdata_runtime_pseudo_reloc
                0x00000005bf916588        0xc ObjectHolder_dll_rtr000006.o
                0x00000005bf916594                __rt_psrelocs_end = .
                0x0000000000000054                __rt_psrelocs_size = (__rt_psrelocs_end - __rt_psrelocs_start)
                0x00000005bf916594                ___RUNTIME_PSEUDO_RELOC_LIST_END__ = .
                0x00000005bf916594                __RUNTIME_PSEUDO_RELOC_LIST_END__ = .
                0x00000005bf916540                ___RUNTIME_PSEUDO_RELOC_LIST__ = (. - __rt_psrelocs_size)
                0x00000005bf916540                __RUNTIME_PSEUDO_RELOC_LIST__ = (. - __rt_psrelocs_size)

.buildid        0x00000005bf917000      0x200
 .buildid       0x00000005bf917000       0x35 /usr/lib/gcc/x86_64-pc-cygwin/11/crtbeginS.o

.eh_frame
 *(.eh_frame*)

.pdata          0x00000005bf918000      0xa00
 *(.pdata*)
 .pdata         0x00000005bf918000       0x18 /usr/lib/gcc/x86_64-pc-cygwin/11/crtbeginS.o
 .pdata$_ZnwmPv
                0x00000005bf918018        0xc ObjectHolder.o
 .pdata         0x00000005bf918024       0xd8 ObjectHolder.o
 .pdata$_ZNSt12__shared_ptrI6ObjectLN9__gnu_cxx12_Lock_policyE2EED2Ev
                0x00000005bf9180fc        0xc ObjectHolder.o
 .pdata$_ZNSt12__shared_ptrI6ObjectLN9__gnu_cxx12_Lock_policyE2EED1Ev
                0x00000005bf918108        0xc ObjectHolder.o
 .pdata$_ZNSt10shared_ptrI6ObjectED1Ev
                0x00000005bf918114        0xc ObjectHolder.o
 .pdata$_ZNSt12_Vector_baseISt10shared_ptrI6ObjectESaIS2_EE12_Vector_implD1Ev
                0x00000005bf918120        0xc ObjectHolder.o
 .pdata$_ZNSt12_Vector_baseISt10shared_ptrI6ObjectESaIS2_EEC2Ev
                0x00000005bf91812c        0xc ObjectHolder.o
 .pdata$_ZNSt6vectorISt10shared_ptrI6ObjectESaIS2_EEC1Ev
                0x00000005bf918138        0xc ObjectHolder.o
 .pdata$_ZNSt12__shared_ptrI6ObjectLN9__gnu_cxx12_Lock_policyE2EEC2ERKS3_
                0x00000005bf918144        0xc ObjectHolder.o
 .pdata$_ZNSt10shared_ptrI6ObjectEC1ERKS1_
                0x00000005bf918150        0xc ObjectHolder.o
 .pdata$_ZN6ObjectC1ERKS_
                0x00000005bf91815c        0xc ObjectHolder.o
 .pdata$_ZNSt10shared_ptrI6ObjectEC1Ev
                0x00000005bf918168        0xc ObjectHolder.o
 .pdata$_ZNSt14__shared_countILN9__gnu_cxx12_Lock_policyE2EED1Ev
                0x00000005bf918174        0xc ObjectHolder.o
 .pdata$_ZNSt12_Vector_baseISt10shared_ptrI6ObjectESaIS2_EE12_Vector_implC1Ev
                0x00000005bf918180        0xc ObjectHolder.o
 .pdata$_ZNSaISt10shared_ptrI6ObjectEED2Ev
                0x00000005bf91818c        0xc ObjectHolder.o
 .pdata$_ZNSaISt10shared_ptrI6ObjectEED1Ev
                0x00000005bf918198        0xc ObjectHolder.o
 .pdata$_ZNSt12_Vector_baseISt10shared_ptrI6ObjectESaIS2_EED2Ev
                0x00000005bf9181a4        0xc ObjectHolder.o
 .pdata$_ZNSt6vectorISt10shared_ptrI6ObjectESaIS2_EED1Ev
                0x00000005bf9181b0        0xc ObjectHolder.o
 .pdata$_ZNSt10shared_ptrI6ObjectEC1IS0_vEEPT_
                0x00000005bf9181bc        0xc ObjectHolder.o
 .pdata$_ZNSt10shared_ptrI6ObjectEaSEOS1_
                0x00000005bf9181c8        0xc ObjectHolder.o
 .pdata$_ZNKSt19__shared_ptr_accessI6ObjectLN9__gnu_cxx12_Lock_policyE2ELb0ELb0EEdeEv
                0x00000005bf9181d4        0xc ObjectHolder.o
 .pdata$_ZNSt14__shared_countILN9__gnu_cxx12_Lock_policyE2EEC1ERKS2_
                0x00000005bf9181e0        0xc ObjectHolder.o
 .pdata$_ZNSt6vectorISt10shared_ptrI6ObjectESaIS2_EEC1ERKS4_
                0x00000005bf9181ec        0xc ObjectHolder.o
 .pdata$_ZNSt6vectorISt10shared_ptrI6ObjectESaIS2_EE9push_backERKS2_
                0x00000005bf9181f8        0xc ObjectHolder.o
 .pdata$_ZNSt6vectorISt10shared_ptrI6ObjectESaIS2_EE4backEv
                0x00000005bf918204        0xc ObjectHolder.o
 .pdata$_ZNKSt6vectorISt10shared_ptrI6ObjectESaIS2_EE5beginEv
                0x00000005bf918210        0xc ObjectHolder.o
 .pdata$_ZNKSt6vectorISt10shared_ptrI6ObjectESaIS2_EE3endEv
                0x00000005bf91821c        0xc ObjectHolder.o
 .pdata$_ZN9__gnu_cxxneIPKSt10shared_ptrI6ObjectESt6vectorIS3_SaIS3_EEEEbRKNS_17__normal_iteratorIT_T0_EESE_
                0x00000005bf918228        0xc ObjectHolder.o
 .pdata$_ZN9__gnu_cxx17__normal_iteratorIPKSt10shared_ptrI6ObjectESt6vectorIS3_SaIS3_EEEppEv
                0x00000005bf918234        0xc ObjectHolder.o
 .pdata$_ZNK9__gnu_cxx17__normal_iteratorIPKSt10shared_ptrI6ObjectESt6vectorIS3_SaIS3_EEEdeEv
                0x00000005bf918240        0xc ObjectHolder.o
 .pdata$_ZNKSt19__shared_ptr_accessI6ObjectLN9__gnu_cxx12_Lock_policyE2ELb0ELb0EEptEv
                0x00000005bf91824c        0xc ObjectHolder.o
 .pdata$_ZNSt12__shared_ptrI6ObjectLN9__gnu_cxx12_Lock_policyE2EEC2Ev
                0x00000005bf918258        0xc ObjectHolder.o
 .pdata$_ZNSt16_Sp_counted_baseILN9__gnu_cxx12_Lock_policyE2EE10_M_releaseEv
                0x00000005bf918264        0xc ObjectHolder.o
 .pdata$_ZNSaISt10shared_ptrI6ObjectEEC2Ev
                0x00000005bf918270        0xc ObjectHolder.o
 .pdata$_ZNSt12_Vector_baseISt10shared_ptrI6ObjectESaIS2_EE17_Vector_impl_dataC2Ev
                0x00000005bf91827c        0xc ObjectHolder.o
 .pdata$_ZN9__gnu_cxx13new_allocatorISt10shared_ptrI6ObjectEED2Ev
                0x00000005bf918288        0xc ObjectHolder.o
 .pdata$_ZNSt12_Vector_baseISt10shared_ptrI6ObjectESaIS2_EE13_M_deallocateEPS2_m
                0x00000005bf918294        0xc ObjectHolder.o
 .pdata$_ZNSt12_Vector_baseISt10shared_ptrI6ObjectESaIS2_EE19_M_get_Tp_allocatorEv
                0x00000005bf9182a0        0xc ObjectHolder.o
 .pdata$_ZSt8_DestroyIPSt10shared_ptrI6ObjectES2_EvT_S4_RSaIT0_E
                0x00000005bf9182ac        0xc ObjectHolder.o
 .pdata$_ZNSt12__shared_ptrI6ObjectLN9__gnu_cxx12_Lock_policyE2EEC2IS0_vEEPT_
                0x00000005bf9182b8        0xc ObjectHolder.o
 .pdata$_ZSt4moveIRSt10shared_ptrI6ObjectEEONSt16remove_referenceIT_E4typeEOS5_
                0x00000005bf9182c4        0xc ObjectHolder.o
 .pdata$_ZNSt12__shared_ptrI6ObjectLN9__gnu_cxx12_Lock_policyE2EEaSEOS3_
                0x00000005bf9182d0        0xc ObjectHolder.o
 .pdata$_ZNKSt19__shared_ptr_accessI6ObjectLN9__gnu_cxx12_Lock_policyE2ELb0ELb0EE6_M_getEv
                0x00000005bf9182dc        0xc ObjectHolder.o
 .pdata$_ZNSt16_Sp_counted_baseILN9__gnu_cxx12_Lock_policyE2EE15_M_add_ref_copyEv
                0x00000005bf9182e8        0xc ObjectHolder.o
 .pdata$_ZNKSt6vectorISt10shared_ptrI6ObjectESaIS2_EE4sizeEv
                0x00000005bf9182f4        0xc ObjectHolder.o
 .pdata$_ZN9__gnu_cxx14__alloc_traitsISaISt10shared_ptrI6ObjectEES3_E17_S_select_on_copyERKS4_
                0x00000005bf918300        0xc ObjectHolder.o
 .pdata$_ZNKSt12_Vector_baseISt10shared_ptrI6ObjectESaIS2_EE19_M_get_Tp_allocatorEv
                0x00000005bf91830c        0xc ObjectHolder.o
 .pdata$_ZNSt12_Vector_baseISt10shared_ptrI6ObjectESaIS2_EEC2EmRKS3_
                0x00000005bf918318        0xc ObjectHolder.o
 .pdata$_ZSt22__uninitialized_copy_aIN9__gnu_cxx17__normal_iteratorIPKSt10shared_ptrI6ObjectESt6vectorIS4_SaIS4_EEEEPS4_S4_ET0_T_SD_SC_RSaIT1_E
                0x00000005bf918324        0xc ObjectHolder.o
 .pdata$_ZNSt16allocator_traitsISaISt10shared_ptrI6ObjectEEE9constructIS2_JRKS2_EEEvRS3_PT_DpOT0_
                0x00000005bf918330        0xc ObjectHolder.o
 .pdata$_ZNSt6vectorISt10shared_ptrI6ObjectESaIS2_EE3endEv
                0x00000005bf91833c        0xc ObjectHolder.o
 .pdata$_ZNSt6vectorISt10shared_ptrI6ObjectESaIS2_EE15_S_use_relocateEv
                0x00000005bf918348        0xc ObjectHolder.o
 .pdata$_ZNSt6vectorISt10shared_ptrI6ObjectESaIS2_EE19_S_nothrow_relocateESt17integral_constantIbLb1EE
                0x00000005bf918354        0xc ObjectHolder.o
 .pdata$_ZNSt6vectorISt10shared_ptrI6ObjectESaIS2_EE17_M_realloc_insertIJRKS2_EEEvN9__gnu_cxx17__normal_iteratorIPS2_S4_EEDpOT_
                0x00000005bf918360        0xc ObjectHolder.o
 .pdata$_ZNK9__gnu_cxx17__normal_iteratorIPSt10shared_ptrI6ObjectESt6vectorIS3_SaIS3_EEEmiEl
                0x00000005bf91836c        0xc ObjectHolder.o
 .pdata$_ZNK9__gnu_cxx17__normal_iteratorIPSt10shared_ptrI6ObjectESt6vectorIS3_SaIS3_EEEdeEv
                0x00000005bf918378        0xc ObjectHolder.o
 .pdata$_ZN9__gnu_cxx17__normal_iteratorIPKSt10shared_ptrI6ObjectESt6vectorIS3_SaIS3_EEEC1ERKS5_
                0x00000005bf918384        0xc ObjectHolder.o
 .pdata$_ZNK9__gnu_cxx17__normal_iteratorIPKSt10shared_ptrI6ObjectESt6vectorIS3_SaIS3_EEE4baseEv
                0x00000005bf918390        0xc ObjectHolder.o
 .pdata$_ZNSt14__shared_countILN9__gnu_cxx12_Lock_policyE2EEC1Ev
                0x00000005bf91839c        0xc ObjectHolder.o
 .pdata$_ZNSt16_Sp_counted_baseILN9__gnu_cxx12_Lock_policyE2EE10_M_destroyEv
                0x00000005bf9183a8        0xc ObjectHolder.o
 .pdata$_ZN9__gnu_cxx13new_allocatorISt10shared_ptrI6ObjectEEC2Ev
                0x00000005bf9183b4        0xc ObjectHolder.o
 .pdata$_ZNSt16allocator_traitsISaISt10shared_ptrI6ObjectEEE10deallocateERS3_PS2_m
                0x00000005bf9183c0        0xc ObjectHolder.o
 .pdata$_ZSt8_DestroyIPSt10shared_ptrI6ObjectEEvT_S4_
                0x00000005bf9183cc        0xc ObjectHolder.o
 .pdata$_ZNSt14__shared_countILN9__gnu_cxx12_Lock_policyE2EEC1IP6ObjectEET_St17integral_constantIbLb0EE
                0x00000005bf9183d8        0xc ObjectHolder.o
 .pdata$_ZNSt12__shared_ptrI6ObjectLN9__gnu_cxx12_Lock_policyE2EE31_M_enable_shared_from_this_withIS0_S0_EENSt9enable_ifIXntsrNS3_15__has_esft_baseIT0_vEE5valueEvE4typeEPT_
                0x00000005bf9183e4        0xc ObjectHolder.o
 .pdata$_ZSt4moveIRSt12__shared_ptrI6ObjectLN9__gnu_cxx12_Lock_policyE2EEEONSt16remove_referenceIT_E4typeEOS7_
                0x00000005bf9183f0        0xc ObjectHolder.o
 .pdata$_ZNSt12__shared_ptrI6ObjectLN9__gnu_cxx12_Lock_policyE2EEC2EOS3_
                0x00000005bf9183fc        0xc ObjectHolder.o
 .pdata$_ZNSt12__shared_ptrI6ObjectLN9__gnu_cxx12_Lock_policyE2EEC1EOS3_
                0x00000005bf918408        0xc ObjectHolder.o
 .pdata$_ZNSt12__shared_ptrI6ObjectLN9__gnu_cxx12_Lock_policyE2EE4swapERS3_
                0x00000005bf918414        0xc ObjectHolder.o
 .pdata$_ZNKSt12__shared_ptrI6ObjectLN9__gnu_cxx12_Lock_policyE2EE3getEv
                0x00000005bf918420        0xc ObjectHolder.o
 .pdata$_ZNSt16allocator_traitsISaISt10shared_ptrI6ObjectEEE37select_on_container_copy_constructionERKS3_
                0x00000005bf91842c        0xc ObjectHolder.o
 .pdata$_ZNSaISt10shared_ptrI6ObjectEEC2ERKS2_
                0x00000005bf918438        0xc ObjectHolder.o
 .pdata$_ZNSaISt10shared_ptrI6ObjectEEC1ERKS2_
                0x00000005bf918444        0xc ObjectHolder.o
 .pdata$_ZNSt12_Vector_baseISt10shared_ptrI6ObjectESaIS2_EE12_Vector_implC1ERKS3_
                0x00000005bf918450        0xc ObjectHolder.o
 .pdata$_ZNSt12_Vector_baseISt10shared_ptrI6ObjectESaIS2_EE17_M_create_storageEm
                0x00000005bf91845c        0xc ObjectHolder.o
 .pdata$_ZSt18uninitialized_copyIN9__gnu_cxx17__normal_iteratorIPKSt10shared_ptrI6ObjectESt6vectorIS4_SaIS4_EEEEPS4_ET0_T_SD_SC_
                0x00000005bf918468        0xc ObjectHolder.o
 .pdata$_ZSt7forwardIRKSt10shared_ptrI6ObjectEEOT_RNSt16remove_referenceIS5_E4typeE
                0x00000005bf918474        0xc ObjectHolder.o
 .pdata$_ZN9__gnu_cxx13new_allocatorISt10shared_ptrI6ObjectEE9constructIS3_JRKS3_EEEvPT_DpOT0_
                0x00000005bf918480        0xc ObjectHolder.o
 .pdata$_ZN9__gnu_cxx17__normal_iteratorIPSt10shared_ptrI6ObjectESt6vectorIS3_SaIS3_EEEC1ERKS4_
                0x00000005bf91848c        0xc ObjectHolder.o
 .pdata$_ZNKSt6vectorISt10shared_ptrI6ObjectESaIS2_EE12_M_check_lenEmPKc
                0x00000005bf918498        0xc ObjectHolder.o
 .pdata$_ZNSt6vectorISt10shared_ptrI6ObjectESaIS2_EE5beginEv
                0x00000005bf9184a4        0xc ObjectHolder.o
 .pdata$_ZN9__gnu_cxxmiIPSt10shared_ptrI6ObjectESt6vectorIS3_SaIS3_EEEENS_17__normal_iteratorIT_T0_E15difference_typeERKSB_SE_
                0x00000005bf9184b0        0xc ObjectHolder.o
 .pdata$_ZNSt12_Vector_baseISt10shared_ptrI6ObjectESaIS2_EE11_M_allocateEm
                0x00000005bf9184bc        0xc ObjectHolder.o
 .pdata$_ZNSt6vectorISt10shared_ptrI6ObjectESaIS2_EE11_S_relocateEPS2_S5_S5_RS3_
                0x00000005bf9184c8        0xc ObjectHolder.o
 .pdata$_ZNK9__gnu_cxx17__normal_iteratorIPSt10shared_ptrI6ObjectESt6vectorIS3_SaIS3_EEE4baseEv
                0x00000005bf9184d4        0xc ObjectHolder.o
 .pdata$_ZSt34__uninitialized_move_if_noexcept_aIPSt10shared_ptrI6ObjectES3_SaIS2_EET0_T_S6_S5_RT1_
                0x00000005bf9184e0        0xc ObjectHolder.o
 .pdata$_ZNSt16allocator_traitsISaISt10shared_ptrI6ObjectEEE7destroyIS2_EEvRS3_PT_
                0x00000005bf9184ec        0xc ObjectHolder.o
 .pdata$_ZNSt16_Sp_counted_baseILN9__gnu_cxx12_Lock_policyE2EED2Ev
                0x00000005bf9184f8        0xc ObjectHolder.o
 .pdata$_ZN9__gnu_cxx13new_allocatorISt10shared_ptrI6ObjectEE10deallocateEPS3_m
                0x00000005bf918504        0xc ObjectHolder.o
 .pdata$_ZNSt12_Destroy_auxILb0EE9__destroyIPSt10shared_ptrI6ObjectEEEvT_S6_
                0x00000005bf918510        0xc ObjectHolder.o
 .pdata$_ZNSt14__shared_countILN9__gnu_cxx12_Lock_policyE2EEC1IP6ObjectEET_
                0x00000005bf91851c        0xc ObjectHolder.o
 .pdata$_ZNSt14__shared_countILN9__gnu_cxx12_Lock_policyE2EE7_M_swapERS2_
                0x00000005bf918528        0xc ObjectHolder.o
 .pdata$_ZSt4moveIRP6ObjectEONSt16remove_referenceIT_E4typeEOS4_
                0x00000005bf918534        0xc ObjectHolder.o
 .pdata$_ZSt4swapIP6ObjectENSt9enable_ifIXsrSt6__and_IJSt6__not_ISt15__is_tuple_likeIT_EESt21is_move_constructibleIS6_ESt18is_move_assignableIS6_EEE5valueEvE4typeERS6_SG_
                0x00000005bf918540        0xc ObjectHolder.o
 .pdata$_ZN9__gnu_cxx13new_allocatorISt10shared_ptrI6ObjectEEC2ERKS4_
                0x00000005bf91854c        0xc ObjectHolder.o
 .pdata$_ZNSt20__uninitialized_copyILb0EE13__uninit_copyIN9__gnu_cxx17__normal_iteratorIPKSt10shared_ptrI6ObjectESt6vectorIS6_SaIS6_EEEEPS6_EET0_T_SF_SE_
                0x00000005bf918558        0xc ObjectHolder.o
 .pdata$_ZNKSt6vectorISt10shared_ptrI6ObjectESaIS2_EE8max_sizeEv
                0x00000005bf918564        0xc ObjectHolder.o
 .pdata$_ZSt3maxImERKT_S2_S2_
                0x00000005bf918570        0xc ObjectHolder.o
 .pdata$_ZNSt16allocator_traitsISaISt10shared_ptrI6ObjectEEE8allocateERS3_m
                0x00000005bf91857c        0xc ObjectHolder.o
 .pdata$_ZNSt6vectorISt10shared_ptrI6ObjectESaIS2_EE14_S_do_relocateEPS2_S5_S5_RS3_St17integral_constantIbLb1EE
                0x00000005bf918588        0xc ObjectHolder.o
 .pdata$_ZSt32__make_move_if_noexcept_iteratorISt10shared_ptrI6ObjectESt13move_iteratorIPS2_EET0_PT_
                0x00000005bf918594        0xc ObjectHolder.o
 .pdata$_ZSt22__uninitialized_copy_aISt13move_iteratorIPSt10shared_ptrI6ObjectEES4_S3_ET0_T_S7_S6_RSaIT1_E
                0x00000005bf9185a0        0xc ObjectHolder.o
 .pdata$_ZN9__gnu_cxx13new_allocatorISt10shared_ptrI6ObjectEE7destroyIS3_EEvPT_
                0x00000005bf9185ac        0xc ObjectHolder.o
 .pdata$_ZSt11__addressofISt10shared_ptrI6ObjectEEPT_RS3_
                0x00000005bf9185b8        0xc ObjectHolder.o
 .pdata$_ZSt8_DestroyISt10shared_ptrI6ObjectEEvPT_
                0x00000005bf9185c4        0xc ObjectHolder.o
 .pdata$_ZNSt15_Sp_counted_ptrIP6ObjectLN9__gnu_cxx12_Lock_policyE2EEC1ES1_
                0x00000005bf9185d0        0xc ObjectHolder.o
 .pdata$_ZSt10_ConstructISt10shared_ptrI6ObjectEJRKS2_EEvPT_DpOT0_
                0x00000005bf9185dc        0xc ObjectHolder.o
 .pdata$_ZNSt6vectorISt10shared_ptrI6ObjectESaIS2_EE11_S_max_sizeERKS3_
                0x00000005bf9185e8        0xc ObjectHolder.o
 .pdata$_ZN9__gnu_cxx13new_allocatorISt10shared_ptrI6ObjectEE8allocateEmPKv
                0x00000005bf9185f4        0xc ObjectHolder.o
 .pdata$_ZSt12__relocate_aIPSt10shared_ptrI6ObjectES3_SaIS2_EET0_T_S6_S5_RT1_
                0x00000005bf918600        0xc ObjectHolder.o
 .pdata$_ZNSt13move_iteratorIPSt10shared_ptrI6ObjectEEC1ES3_
                0x00000005bf91860c        0xc ObjectHolder.o
 .pdata$_ZSt18uninitialized_copyISt13move_iteratorIPSt10shared_ptrI6ObjectEES4_ET0_T_S7_S6_
                0x00000005bf918618        0xc ObjectHolder.o
 .pdata$_ZNSt16_Sp_counted_baseILN9__gnu_cxx12_Lock_policyE2EEC2Ev
                0x00000005bf918624        0xc ObjectHolder.o
 .pdata$_ZNSt16allocator_traitsISaISt10shared_ptrI6ObjectEEE8max_sizeERKS3_
                0x00000005bf918630        0xc ObjectHolder.o
 .pdata$_ZSt3minImERKT_S2_S2_
                0x00000005bf91863c        0xc ObjectHolder.o
 .pdata$_ZNK9__gnu_cxx13new_allocatorISt10shared_ptrI6ObjectEE11_M_max_sizeEv
                0x00000005bf918648        0xc ObjectHolder.o
 .pdata$_ZSt12__niter_baseIPSt10shared_ptrI6ObjectEET_S4_
                0x00000005bf918654        0xc ObjectHolder.o
 .pdata$_ZSt14__relocate_a_1IPSt10shared_ptrI6ObjectES3_SaIS2_EET0_T_S6_S5_RT1_
                0x00000005bf918660        0xc ObjectHolder.o
 .pdata$_ZSt4moveIRPSt10shared_ptrI6ObjectEEONSt16remove_referenceIT_E4typeEOS6_
                0x00000005bf91866c        0xc ObjectHolder.o
 .pdata$_ZNSt20__uninitialized_copyILb0EE13__uninit_copyISt13move_iteratorIPSt10shared_ptrI6ObjectEES6_EET0_T_S9_S8_
                0x00000005bf918678        0xc ObjectHolder.o
 .pdata$_ZNK9__gnu_cxx13new_allocatorISt10shared_ptrI6ObjectEE8max_sizeEv
                0x00000005bf918684        0xc ObjectHolder.o
 .pdata$_ZSt19__relocate_object_aISt10shared_ptrI6ObjectES2_SaIS2_EEvPT_PT0_RT1_
                0x00000005bf918690        0xc ObjectHolder.o
 .pdata$_ZStneIPSt10shared_ptrI6ObjectEEbRKSt13move_iteratorIT_ES8_
                0x00000005bf91869c        0xc ObjectHolder.o
 .pdata$_ZNSt13move_iteratorIPSt10shared_ptrI6ObjectEEppEv
                0x00000005bf9186a8        0xc ObjectHolder.o
 .pdata$_ZNKSt13move_iteratorIPSt10shared_ptrI6ObjectEEdeEv
                0x00000005bf9186b4        0xc ObjectHolder.o
 .pdata$_ZSt10_ConstructISt10shared_ptrI6ObjectEJS2_EEvPT_DpOT0_
                0x00000005bf9186c0        0xc ObjectHolder.o
 .pdata$_ZNSt16allocator_traitsISaISt10shared_ptrI6ObjectEEE9constructIS2_JS2_EEEvRS3_PT_DpOT0_
                0x00000005bf9186cc        0xc ObjectHolder.o
 .pdata$_ZSteqIPSt10shared_ptrI6ObjectEEbRKSt13move_iteratorIT_ES8_
                0x00000005bf9186d8        0xc ObjectHolder.o
 .pdata$_ZSt7forwardISt10shared_ptrI6ObjectEEOT_RNSt16remove_referenceIS3_E4typeE
                0x00000005bf9186e4        0xc ObjectHolder.o
 .pdata$_ZNSt10shared_ptrI6ObjectEC1EOS1_
                0x00000005bf9186f0        0xc ObjectHolder.o
 .pdata$_ZN9__gnu_cxx13new_allocatorISt10shared_ptrI6ObjectEE9constructIS3_JS3_EEEvPT_DpOT0_
                0x00000005bf9186fc        0xc ObjectHolder.o
 .pdata$_ZNKSt13move_iteratorIPSt10shared_ptrI6ObjectEE4baseEv
                0x00000005bf918708        0xc ObjectHolder.o
 .pdata$_ZNSt15_Sp_counted_ptrIP6ObjectLN9__gnu_cxx12_Lock_policyE2EED1Ev
                0x00000005bf918714        0xc ObjectHolder.o
 .pdata$_ZNSt15_Sp_counted_ptrIP6ObjectLN9__gnu_cxx12_Lock_policyE2EED0Ev
                0x00000005bf918720        0xc ObjectHolder.o
 .pdata$_ZNSt15_Sp_counted_ptrIP6ObjectLN9__gnu_cxx12_Lock_policyE2EE10_M_disposeEv
                0x00000005bf91872c        0xc ObjectHolder.o
 .pdata$_ZNSt15_Sp_counted_ptrIP6ObjectLN9__gnu_cxx12_Lock_policyE2EE10_M_destroyEv
                0x00000005bf918738        0xc ObjectHolder.o
 .pdata$_ZNSt15_Sp_counted_ptrIP6ObjectLN9__gnu_cxx12_Lock_policyE2EE14_M_get_deleterERKSt9type_info
                0x00000005bf918744        0xc ObjectHolder.o
 .pdata         0x00000005bf918750       0xd8 Object.o
 .pdata$_ZNKSt12__shared_ptrI6ObjectLN9__gnu_cxx12_Lock_policyE2EEcvbEv
                0x00000005bf918828        0xc Object.o
 .pdata         0x00000005bf918834       0x18 /usr/lib/gcc/x86_64-pc-cygwin/11/../../../../lib/libcygwin.a(dll_entry.o)
 .pdata         0x00000005bf91884c        0xc /usr/lib/gcc/x86_64-pc-cygwin/11/../../../../lib/libcygwin.a(dll_main.o)
 .pdata         0x00000005bf918858        0xc /usr/lib/gcc/x86_64-pc-cygwin/11/../../../../lib/libcygwin.a(cygwin_attach_dll.o)
 .pdata         0x00000005bf918864        0xc /usr/lib/gcc/x86_64-pc-cygwin/11/../../../../lib/libcygwin.a(_cygwin_crt0_common.o)
 .pdata         0x00000005bf918870        0xc /usr/lib/gcc/x86_64-pc-cygwin/11/../../../../lib/libcygwin.a(premain0.o)
 .pdata         0x00000005bf91887c        0xc /usr/lib/gcc/x86_64-pc-cygwin/11/../../../../lib/libcygwin.a(premain1.o)
 .pdata         0x00000005bf918888        0xc /usr/lib/gcc/x86_64-pc-cygwin/11/../../../../lib/libcygwin.a(premain2.o)
 .pdata         0x00000005bf918894        0xc /usr/lib/gcc/x86_64-pc-cygwin/11/../../../../lib/libcygwin.a(premain3.o)
 .pdata         0x00000005bf9188a0        0xc /usr/lib/gcc/x86_64-pc-cygwin/11/../../../../lib/libcygwin.a(pseudo-reloc-dummy.o)
 .pdata.startup
                0x00000005bf9188ac        0xc /usr/lib/gcc/x86_64-pc-cygwin/11/crtend.o

.xdata          0x00000005bf919000      0xa00
 *(.xdata*)
 .xdata         0x00000005bf919000        0x8 /usr/lib/gcc/x86_64-pc-cygwin/11/crtbeginS.o
 .xdata$_ZnwmPv
                0x00000005bf919008        0x8 ObjectHolder.o
 .xdata         0x00000005bf919010      0x108 ObjectHolder.o
 .xdata$_ZNSt12__shared_ptrI6ObjectLN9__gnu_cxx12_Lock_policyE2EED2Ev
                0x00000005bf919118        0xc ObjectHolder.o
 .xdata$_ZNSt12__shared_ptrI6ObjectLN9__gnu_cxx12_Lock_policyE2EED1Ev
                0x00000005bf919124        0xc ObjectHolder.o
 .xdata$_ZNSt10shared_ptrI6ObjectED1Ev
                0x00000005bf919130        0xc ObjectHolder.o
 .xdata$_ZNSt12_Vector_baseISt10shared_ptrI6ObjectESaIS2_EE12_Vector_implD1Ev
                0x00000005bf91913c        0xc ObjectHolder.o
 .xdata$_ZNSt12_Vector_baseISt10shared_ptrI6ObjectESaIS2_EEC2Ev
                0x00000005bf919148        0xc ObjectHolder.o
 .xdata$_ZNSt6vectorISt10shared_ptrI6ObjectESaIS2_EEC1Ev
                0x00000005bf919154        0xc ObjectHolder.o
 .xdata$_ZNSt12__shared_ptrI6ObjectLN9__gnu_cxx12_Lock_policyE2EEC2ERKS3_
                0x00000005bf919160        0xc ObjectHolder.o
 .xdata$_ZNSt10shared_ptrI6ObjectEC1ERKS1_
                0x00000005bf91916c        0xc ObjectHolder.o
 .xdata$_ZN6ObjectC1ERKS_
                0x00000005bf919178       0x28 ObjectHolder.o
 .xdata$_ZNSt10shared_ptrI6ObjectEC1Ev
                0x00000005bf9191a0        0xc ObjectHolder.o
 .xdata$_ZNSt14__shared_countILN9__gnu_cxx12_Lock_policyE2EED1Ev
                0x00000005bf9191ac        0xc ObjectHolder.o
 .xdata$_ZNSt12_Vector_baseISt10shared_ptrI6ObjectESaIS2_EE12_Vector_implC1Ev
                0x00000005bf9191b8        0xc ObjectHolder.o
 .xdata$_ZNSaISt10shared_ptrI6ObjectEED2Ev
                0x00000005bf9191c4        0xc ObjectHolder.o
 .xdata$_ZNSaISt10shared_ptrI6ObjectEED1Ev
                0x00000005bf9191d0        0xc ObjectHolder.o
 .xdata$_ZNSt12_Vector_baseISt10shared_ptrI6ObjectESaIS2_EED2Ev
                0x00000005bf9191dc       0x14 ObjectHolder.o
 .xdata$_ZNSt6vectorISt10shared_ptrI6ObjectESaIS2_EED1Ev
                0x00000005bf9191f0       0x14 ObjectHolder.o
 .xdata$_ZNSt10shared_ptrI6ObjectEC1IS0_vEEPT_
                0x00000005bf919204        0xc ObjectHolder.o
 .xdata$_ZNSt10shared_ptrI6ObjectEaSEOS1_
                0x00000005bf919210        0xc ObjectHolder.o
 .xdata$_ZNKSt19__shared_ptr_accessI6ObjectLN9__gnu_cxx12_Lock_policyE2ELb0ELb0EEdeEv
                0x00000005bf91921c        0xc ObjectHolder.o
 .xdata$_ZNSt14__shared_countILN9__gnu_cxx12_Lock_policyE2EEC1ERKS2_
                0x00000005bf919228        0xc ObjectHolder.o
 .xdata$_ZNSt6vectorISt10shared_ptrI6ObjectESaIS2_EEC1ERKS4_
                0x00000005bf919234       0x2c ObjectHolder.o
 .xdata$_ZNSt6vectorISt10shared_ptrI6ObjectESaIS2_EE9push_backERKS2_
                0x00000005bf919260        0xc ObjectHolder.o
 .xdata$_ZNSt6vectorISt10shared_ptrI6ObjectESaIS2_EE4backEv
                0x00000005bf91926c        0xc ObjectHolder.o
 .xdata$_ZNKSt6vectorISt10shared_ptrI6ObjectESaIS2_EE5beginEv
                0x00000005bf919278        0xc ObjectHolder.o
 .xdata$_ZNKSt6vectorISt10shared_ptrI6ObjectESaIS2_EE3endEv
                0x00000005bf919284        0xc ObjectHolder.o
 .xdata$_ZN9__gnu_cxxneIPKSt10shared_ptrI6ObjectESt6vectorIS3_SaIS3_EEEEbRKNS_17__normal_iteratorIT_T0_EESE_
                0x00000005bf919290        0xc ObjectHolder.o
 .xdata$_ZN9__gnu_cxx17__normal_iteratorIPKSt10shared_ptrI6ObjectESt6vectorIS3_SaIS3_EEEppEv
                0x00000005bf91929c        0x8 ObjectHolder.o
 .xdata$_ZNK9__gnu_cxx17__normal_iteratorIPKSt10shared_ptrI6ObjectESt6vectorIS3_SaIS3_EEEdeEv